Archive member included to satisfy reference by file (symbol)

c:/program files (x86)/gnu tools arm embedded/7 2018-q2-update/bin/../lib/gcc/arm-none-eabi/7.3.1/../../../../arm-none-eabi/lib/thumb/v7e-m/fpv4-sp/hard\libc_nano.a(lib_a-exit.o)
                              c:/program files (x86)/gnu tools arm embedded/7 2018-q2-update/bin/../lib/gcc/arm-none-eabi/7.3.1/../../../../arm-none-eabi/lib/thumb/v7e-m/fpv4-sp/hard/crt0.o (exit)
c:/program files (x86)/gnu tools arm embedded/7 2018-q2-update/bin/../lib/gcc/arm-none-eabi/7.3.1/../../../../arm-none-eabi/lib/thumb/v7e-m/fpv4-sp/hard\libc_nano.a(lib_a-impure.o)
                              c:/program files (x86)/gnu tools arm embedded/7 2018-q2-update/bin/../lib/gcc/arm-none-eabi/7.3.1/../../../../arm-none-eabi/lib/thumb/v7e-m/fpv4-sp/hard\libc_nano.a(lib_a-exit.o) (_global_impure_ptr)
c:/program files (x86)/gnu tools arm embedded/7 2018-q2-update/bin/../lib/gcc/arm-none-eabi/7.3.1/../../../../arm-none-eabi/lib/thumb/v7e-m/fpv4-sp/hard\libc_nano.a(lib_a-init.o)
                              c:/program files (x86)/gnu tools arm embedded/7 2018-q2-update/bin/../lib/gcc/arm-none-eabi/7.3.1/../../../../arm-none-eabi/lib/thumb/v7e-m/fpv4-sp/hard/crt0.o (__libc_init_array)
c:/program files (x86)/gnu tools arm embedded/7 2018-q2-update/bin/../lib/gcc/arm-none-eabi/7.3.1/../../../../arm-none-eabi/lib/thumb/v7e-m/fpv4-sp/hard\libc_nano.a(lib_a-locale.o)
                              _build/nrf52840_xxaa/nrf_log_str_formatter.c.o (__locale_ctype_ptr)
c:/program files (x86)/gnu tools arm embedded/7 2018-q2-update/bin/../lib/gcc/arm-none-eabi/7.3.1/../../../../arm-none-eabi/lib/thumb/v7e-m/fpv4-sp/hard\libc_nano.a(lib_a-mbtowc_r.o)
                              c:/program files (x86)/gnu tools arm embedded/7 2018-q2-update/bin/../lib/gcc/arm-none-eabi/7.3.1/../../../../arm-none-eabi/lib/thumb/v7e-m/fpv4-sp/hard\libc_nano.a(lib_a-locale.o) (__ascii_mbtowc)
c:/program files (x86)/gnu tools arm embedded/7 2018-q2-update/bin/../lib/gcc/arm-none-eabi/7.3.1/../../../../arm-none-eabi/lib/thumb/v7e-m/fpv4-sp/hard\libc_nano.a(lib_a-memcpy-stub.o)
                              _build/nrf52840_xxaa/nrf_log_frontend.c.o (memcpy)
c:/program files (x86)/gnu tools arm embedded/7 2018-q2-update/bin/../lib/gcc/arm-none-eabi/7.3.1/../../../../arm-none-eabi/lib/thumb/v7e-m/fpv4-sp/hard\libc_nano.a(lib_a-memmove.o)
                              _build/nrf52840_xxaa/nrf_cli.c.o (memmove)
c:/program files (x86)/gnu tools arm embedded/7 2018-q2-update/bin/../lib/gcc/arm-none-eabi/7.3.1/../../../../arm-none-eabi/lib/thumb/v7e-m/fpv4-sp/hard\libc_nano.a(lib_a-memset.o)
                              c:/program files (x86)/gnu tools arm embedded/7 2018-q2-update/bin/../lib/gcc/arm-none-eabi/7.3.1/../../../../arm-none-eabi/lib/thumb/v7e-m/fpv4-sp/hard/crt0.o (memset)
c:/program files (x86)/gnu tools arm embedded/7 2018-q2-update/bin/../lib/gcc/arm-none-eabi/7.3.1/../../../../arm-none-eabi/lib/thumb/v7e-m/fpv4-sp/hard\libc_nano.a(lib_a-qsort.o)
                              _build/nrf52840_xxaa/nrf_cli.c.o (qsort)
c:/program files (x86)/gnu tools arm embedded/7 2018-q2-update/bin/../lib/gcc/arm-none-eabi/7.3.1/../../../../arm-none-eabi/lib/thumb/v7e-m/fpv4-sp/hard\libc_nano.a(lib_a-snprintf.o)
                              _build/nrf52840_xxaa/app_usbd_serial_num.c.o (snprintf)
c:/program files (x86)/gnu tools arm embedded/7 2018-q2-update/bin/../lib/gcc/arm-none-eabi/7.3.1/../../../../arm-none-eabi/lib/thumb/v7e-m/fpv4-sp/hard\libc_nano.a(lib_a-sprintf.o)
                              _build/nrf52840_xxaa/main.c.o (sprintf)
c:/program files (x86)/gnu tools arm embedded/7 2018-q2-update/bin/../lib/gcc/arm-none-eabi/7.3.1/../../../../arm-none-eabi/lib/thumb/v7e-m/fpv4-sp/hard\libc_nano.a(lib_a-sscanf.o)
                              _build/nrf52840_xxaa/bsp_cli.c.o (sscanf)
c:/program files (x86)/gnu tools arm embedded/7 2018-q2-update/bin/../lib/gcc/arm-none-eabi/7.3.1/../../../../arm-none-eabi/lib/thumb/v7e-m/fpv4-sp/hard\libc_nano.a(lib_a-stdio.o)
                              c:/program files (x86)/gnu tools arm embedded/7 2018-q2-update/bin/../lib/gcc/arm-none-eabi/7.3.1/../../../../arm-none-eabi/lib/thumb/v7e-m/fpv4-sp/hard\libc_nano.a(lib_a-sscanf.o) (__seofread)
c:/program files (x86)/gnu tools arm embedded/7 2018-q2-update/bin/../lib/gcc/arm-none-eabi/7.3.1/../../../../arm-none-eabi/lib/thumb/v7e-m/fpv4-sp/hard\libc_nano.a(lib_a-strchr.o)
                              _build/nrf52840_xxaa/fnmatch.c.o (strchr)
c:/program files (x86)/gnu tools arm embedded/7 2018-q2-update/bin/../lib/gcc/arm-none-eabi/7.3.1/../../../../arm-none-eabi/lib/thumb/v7e-m/fpv4-sp/hard\libc_nano.a(lib_a-strcmp.o)
                              _build/nrf52840_xxaa/nrf_log_frontend.c.o (strcmp)
c:/program files (x86)/gnu tools arm embedded/7 2018-q2-update/bin/../lib/gcc/arm-none-eabi/7.3.1/../../../../arm-none-eabi/lib/thumb/v7e-m/fpv4-sp/hard\libc_nano.a(lib_a-strcpy.o)
[...]
Memory Configuration

Name             Origin             Length             Attributes
FLASH            0x00001000         0x000fb000         xr
RAM              0x20000008         0x0003fff8         xrw
*default*        0x00000000         0xffffffff

Linker script and memory map


.text           0x00001000    0x116a8
 *(.isr_vector)
 .isr_vector    0x00001000      0x200 _build/nrf52840_xxaa/gcc_startup_nrf52840.S.o
                0x00001000                __isr_vector
 *(.text*)
 .text          0x00001200       0x40 c:/program files (x86)/gnu tools arm embedded/7 2018-q2-update/bin/../lib/gcc/arm-none-eabi/7.3.1/thumb/v7e-m/fpv4-sp/hard/crtbegin.o
 .text          0x00001240       0x74 c:/program files (x86)/gnu tools arm embedded/7 2018-q2-update/bin/../lib/gcc/arm-none-eabi/7.3.1/../../../../arm-none-eabi/lib/thumb/v7e-m/fpv4-sp/hard/crt0.o
                0x00001240                _start
                0x00001240                _mainCRTStartup
 .text          0x000012b4       0x3c _build/nrf52840_xxaa/gcc_startup_nrf52840.S.o
                0x000012b4                Reset_Handler
                0x000012dc                NMI_Handler
                0x000012e0                MemoryManagement_Handler
                0x000012e2                BusFault_Handler
                0x000012e4                UsageFault_Handler
                0x000012e6                SVC_Handler
                0x000012e8                DebugMon_Handler
                0x000012ea                PendSV_Handler
                0x000012ec                SysTick_Handler
                0x000012ee                PDM_IRQHandler
                0x000012ee                TEMP_IRQHandler
                0x000012ee                QDEC_IRQHandler
                0x000012ee                TIMER3_IRQHandler
                0x000012ee                PWM3_IRQHandler
                0x000012ee                RTC0_IRQHandler
                0x000012ee                SPIM0_SPIS0_TWIM0_TWIS0_SPI0_TWI0_IRQHandler
                0x000012ee                PWM1_IRQHandler
                0x000012ee                TIMER4_IRQHandler
                0x000012ee                RADIO_IRQHandler
                0x000012ee                I2S_IRQHandler
                0x000012ee                SWI4_EGU4_IRQHandler
                0x000012ee                TIMER0_IRQHandler
                0x000012ee                FPU_IRQHandler
                0x000012ee                UARTE1_IRQHandler
                0x000012ee                TIMER1_IRQHandler
                0x000012ee                SPIM3_IRQHandler
                0x000012ee                PWM2_IRQHandler
                0x000012ee                ECB_IRQHandler
                0x000012ee                SPIM1_SPIS1_TWIM1_TWIS1_SPI1_TWI1_IRQHandler
                0x000012ee                Default_Handler
                0x000012ee                SAADC_IRQHandler
                0x000012ee                CCM_AAR_IRQHandler
                0x000012ee                WDT_IRQHandler
                0x000012ee                CRYPTOCELL_IRQHandler
                0x000012ee                SWI5_EGU5_IRQHandler
                0x000012ee                RNG_IRQHandler
                0x000012ee                RTC2_IRQHandler
                0x000012ee                PWM0_IRQHandler
                0x000012ee                SWI3_EGU3_IRQHandler
                0x000012ee                SWI1_EGU1_IRQHandler
                0x000012ee                SPIM2_SPIS2_SPI2_IRQHandler
                0x000012ee                NFCT_IRQHandler
                0x000012ee                SWI2_EGU2_IRQHandler
                0x000012ee                MWU_IRQHandler
                0x000012ee                TIMER2_IRQHandler
                0x000012ee                QSPI_IRQHandler
                0x000012ee                COMP_LPCOMP_IRQHandler
 .text.nrf_log_backend_serial_put
                0x000012f0       0xd4 _build/nrf52840_xxaa/nrf_log_backend_serial.c.o
                0x000012f0                nrf_log_backend_serial_put
 .text.nrf_log_backend_uart_flush
                0x000013c4        0x4 _build/nrf52840_xxaa/nrf_log_backend_uart.c.o
 .text.nrf_log_backend_uart_put
                0x000013c8       0x20 _build/nrf52840_xxaa/nrf_log_backend_uart.c.o
 .text.serial_tx
                0x000013e8       0x4c _build/nrf52840_xxaa/nrf_log_backend_uart.c.o
 .text.nrf_log_backend_uart_panic_set
                0x00001434       0x60 _build/nrf52840_xxaa/nrf_log_backend_uart.c.o
 .text.severity_lvl_get
                0x00001494       0x24 _build/nrf52840_xxaa/nrf_log_frontend.c.o
 .text.log_self_halt
                0x000014b8        0xc _build/nrf52840_xxaa/nrf_log_frontend.c.o
 .text.log_self_go
                0x000014c4        0xc _build/nrf52840_xxaa/nrf_log_frontend.c.o
 .text.backend_name_get
                0x000014d0       0x48 _build/nrf52840_xxaa/nrf_log_frontend.c.o
 .text.log_cmd  0x00001518       0x40 _build/nrf52840_xxaa/nrf_log_frontend.c.o
 .text.log_cmd_backends_list
                0x00001558       0x94 _build/nrf52840_xxaa/nrf_log_frontend.c.o
 .text.log_config_load_cmd
                0x000015ec       0x20 _build/nrf52840_xxaa/nrf_log_frontend.c.o
 .text.log_config_store_cmd
                0x0000160c       0x20 _build/nrf52840_xxaa/nrf_log_frontend.c.o
 .text.log_skip
                0x0000162c       0xd4 _build/nrf52840_xxaa/nrf_log_frontend.c.o
 .text.log_backend_halt
                0x00001700       0x50 _build/nrf52840_xxaa/nrf_log_frontend.c.o
 .text.log_backend_go
                0x00001750       0x54 _build/nrf52840_xxaa/nrf_log_frontend.c.o
 .text.module_name_get
                0x000017a4       0x54 _build/nrf52840_xxaa/nrf_log_frontend.c.o
 .text.log_status
                0x000017f8      0x134 _build/nrf52840_xxaa/nrf_log_frontend.c.o
 .text.log_self_status
                0x0000192c        0xc _build/nrf52840_xxaa/nrf_log_frontend.c.o
 .text.log_backend_status
                0x00001938       0x5c _build/nrf52840_xxaa/nrf_log_frontend.c.o
 .text.log_backend_ctrl
                0x00001994      0x27c _build/nrf52840_xxaa/nrf_log_frontend.c.o
 .text.log_self_ctrl
                0x00001c10      0x230 _build/nrf52840_xxaa/nrf_log_frontend.c.o
 .text.nrf_log_init
                0x00001e40       0xb0 _build/nrf52840_xxaa/nrf_log_frontend.c.o
                0x00001e40                nrf_log_init
 .text.nrf_log_module_name_get
                0x00001ef0       0x58 _build/nrf52840_xxaa/nrf_log_frontend.c.o
                0x00001ef0                nrf_log_module_name_get
 .text.nrf_log_color_id_get
                0x00001f48       0x2c _build/nrf52840_xxaa/nrf_log_frontend.c.o
                0x00001f48                nrf_log_color_id_get
 .text.nrf_log_frontend_std_0
                0x00001f74       0xe4 _build/nrf52840_xxaa/nrf_log_frontend.c.o
                0x00001f74                nrf_log_frontend_std_0
 .text.nrf_log_frontend_dequeue.part.12
                0x00002058      0x2a0 _build/nrf52840_xxaa/nrf_log_frontend.c.o
 .text.nrf_log_frontend_std_1
                0x000022f8       0xf0 _build/nrf52840_xxaa/nrf_log_frontend.c.o
                0x000022f8                nrf_log_frontend_std_1
 .text.nrf_log_frontend_std_2
                0x000023e8       0xf8 _build/nrf52840_xxaa/nrf_log_frontend.c.o
                0x000023e8                nrf_log_frontend_std_2
 .text.nrf_log_frontend_std_3
                0x000024e0      0x104 _build/nrf52840_xxaa/nrf_log_frontend.c.o
                0x000024e0                nrf_log_frontend_std_3
 .text.nrf_log_frontend_std_4
                0x000025e4      0x120 _build/nrf52840_xxaa/nrf_log_frontend.c.o
                0x000025e4                nrf_log_frontend_std_4
 .text.nrf_log_frontend_dequeue
                0x00002704       0x18 _build/nrf52840_xxaa/nrf_log_frontend.c.o
                0x00002704                nrf_log_frontend_dequeue
 .text.nrf_log_backend_add
                0x0000271c       0xec _build/nrf52840_xxaa/nrf_log_frontend.c.o
                0x0000271c                nrf_log_backend_add
 .text.nrf_log_panic
                0x00002808       0x2c _build/nrf52840_xxaa/nrf_log_frontend.c.o
                0x00002808                nrf_log_panic
 .text.nrf_log_std_entry_process
                0x00002834      0x14c _build/nrf52840_xxaa/nrf_log_str_formatter.c.o
                0x00002834                nrf_log_std_entry_process
 .text.nrf_log_hexdump_entry_process
                0x00002980      0x158 _build/nrf52840_xxaa/nrf_log_str_formatter.c.o
                0x00002980                nrf_log_hexdump_entry_process
 .text.bsp_board_led_state_get
                0x00002ad8       0x28 _build/nrf52840_xxaa/boards.c.o
                0x00002ad8                bsp_board_led_state_get
 .text.bsp_board_led_on
                0x00002b00       0x28 _build/nrf52840_xxaa/boards.c.o
                0x00002b00                bsp_board_led_on
 .text.bsp_board_led_off
                0x00002b28       0x28 _build/nrf52840_xxaa/boards.c.o
                0x00002b28                bsp_board_led_off
 .text.bsp_board_leds_off
                0x00002b50       0x30 _build/nrf52840_xxaa/boards.c.o
                0x00002b50                bsp_board_leds_off
 .text.bsp_board_leds_on
                0x00002b80       0x30 _build/nrf52840_xxaa/boards.c.o
                0x00002b80                bsp_board_leds_on
 .text.bsp_board_led_invert
                0x00002bb0       0x34 _build/nrf52840_xxaa/boards.c.o
                0x00002bb0                bsp_board_led_invert
 .text.bsp_board_pin_to_button_idx
                0x00002be4        0xc _build/nrf52840_xxaa/boards.c.o
                0x00002be4                bsp_board_pin_to_button_idx
 .text.bsp_board_init
                0x00002bf0       0xd4 _build/nrf52840_xxaa/boards.c.o
                0x00002bf0                bsp_board_init
 .text.detection_delay_timeout_handler
                0x00002cc4      0x120 _build/nrf52840_xxaa/app_button.c.o
 .text.gpiote_event_handler
                0x00002de4       0xa8 _build/nrf52840_xxaa/app_button.c.o
 .text.app_button_init
                0x00002e8c       0xb0 _build/nrf52840_xxaa/app_button.c.o
                0x00002e8c                app_button_init
 .text.app_button_enable
                0x00002f3c       0x2c _build/nrf52840_xxaa/app_button.c.o
                0x00002f3c                app_button_enable
 .text.app_error_handler_bare
                0x00002f68       0x20 _build/nrf52840_xxaa/app_error.c.o
                0x00002f68                app_error_handler_bare
 .text.app_error_fault_handler
                0x00002f88       0x94 _build/nrf52840_xxaa/app_error_weak.c.o
                0x00002f88                app_error_fault_handler
 .text.RTC1_IRQHandler
                0x0000301c       0xa0 _build/nrf52840_xxaa/app_timer.c.o
                0x0000301c                RTC1_IRQHandler
 .text.SWI0_EGU0_IRQHandler
                0x000030bc      0x394 _build/nrf52840_xxaa/app_timer.c.o
                0x000030bc                SWI0_EGU0_IRQHandler
 .text.app_timer_init
                0x00003450       0xa8 _build/nrf52840_xxaa/app_timer.c.o
                0x00003450                app_timer_init
 .text.app_timer_create
                0x000034f8       0x24 _build/nrf52840_xxaa/app_timer.c.o
                0x000034f8                app_timer_create
 .text.app_timer_start
                0x0000351c       0x9c _build/nrf52840_xxaa/app_timer.c.o
                0x0000351c                app_timer_start
 .text.app_timer_stop
                0x000035b8       0x68 _build/nrf52840_xxaa/app_timer.c.o
                0x000035b8                app_timer_stop
 .text.app_usbd_hfclk_ready
                0x00003620       0x64 _build/nrf52840_xxaa/app_usbd.c.o
 .text.app_usbd_event_handler
                0x00003684       0xe0 _build/nrf52840_xxaa/app_usbd.c.o
 .text.app_usbd_power_event_handler
                0x00003764       0x98 _build/nrf52840_xxaa/app_usbd.c.o
 .text.app_usbd_class_descriptor_find
                0x000037fc       0xb8 _build/nrf52840_xxaa/app_usbd.c.o
                0x000037fc                app_usbd_class_descriptor_find
 .text.app_usbd_init
                0x000038b4      0x11c _build/nrf52840_xxaa/app_usbd.c.o
                0x000038b4                app_usbd_init
 .text.app_usbd_power_events_enable
                0x000039d0       0x2c _build/nrf52840_xxaa/app_usbd.c.o
                0x000039d0                app_usbd_power_events_enable
 .text.app_usbd_enable
                0x000039fc        0x4 _build/nrf52840_xxaa/app_usbd.c.o
                0x000039fc                app_usbd_enable
 .text.app_usbd_disable
                0x00003a00        0x4 _build/nrf52840_xxaa/app_usbd.c.o
                0x00003a00                app_usbd_disable
 .text.app_usbd_start
                0x00003a04       0x7c _build/nrf52840_xxaa/app_usbd.c.o
                0x00003a04                app_usbd_start
 .text.app_usbd_stop
                0x00003a80       0x64 _build/nrf52840_xxaa/app_usbd.c.o
                0x00003a80                app_usbd_stop
 .text.app_usbd_event_execute
                0x00003ae4      0x7bc _build/nrf52840_xxaa/app_usbd.c.o
                0x00003ae4                app_usbd_event_execute
 .text.app_usbd_event_queue_process
                0x000042a0       0xb8 _build/nrf52840_xxaa/app_usbd.c.o
                0x000042a0                app_usbd_event_queue_process
 .text.app_usbd_class_append
                0x00004358       0xf0 _build/nrf52840_xxaa/app_usbd.c.o
                0x00004358                app_usbd_class_append
 .text.app_usbd_class_rwu_enabled_check
                0x00004448       0x10 _build/nrf52840_xxaa/app_usbd.c.o
                0x00004448                app_usbd_class_rwu_enabled_check
 .text.app_usbd_ep_enable
                0x00004458       0x20 _build/nrf52840_xxaa/app_usbd.c.o
                0x00004458                app_usbd_ep_enable
 .text.app_usbd_ep_disable
                0x00004478        0x4 _build/nrf52840_xxaa/app_usbd.c.o
                0x00004478                app_usbd_ep_disable
 .text.app_usbd_class_first_get
                0x0000447c        0xc _build/nrf52840_xxaa/app_usbd.c.o
                0x0000447c                app_usbd_class_first_get
 .text.app_usbd_iface_find
                0x00004488       0x4c _build/nrf52840_xxaa/app_usbd.c.o
                0x00004488                app_usbd_iface_find
 .text.app_usbd_iface_call
                0x000044d4        0x8 _build/nrf52840_xxaa/app_usbd.c.o
                0x000044d4                app_usbd_iface_call
 .text.app_usbd_ep_call
                0x000044dc       0x2c _build/nrf52840_xxaa/app_usbd.c.o
                0x000044dc                app_usbd_ep_call
 .text.app_usbd_all_until_served_call
                0x00004508       0x2c _build/nrf52840_xxaa/app_usbd.c.o
                0x00004508                app_usbd_all_until_served_call
 .text.app_usbd_ep_transfer
                0x00004534       0x28 _build/nrf52840_xxaa/app_usbd.c.o
                0x00004534                app_usbd_ep_transfer
 .text.app_usbd_ep_handled_transfer
                0x0000455c       0x28 _build/nrf52840_xxaa/app_usbd.c.o
                0x0000455c                app_usbd_ep_handled_transfer
 .text.app_usbd_iface_select
                0x00004584       0x80 _build/nrf52840_xxaa/app_usbd.c.o
                0x00004584                app_usbd_iface_select
 .text.app_usbd_iface_selection_get
                0x00004604        0xc _build/nrf52840_xxaa/app_usbd.c.o
                0x00004604                app_usbd_iface_selection_get
 .text.app_usbd_all_iface_select_0
                0x00004610       0xcc _build/nrf52840_xxaa/app_usbd.c.o
                0x00004610                app_usbd_all_iface_select_0
 .text.app_usbd_all_iface_deselect
                0x000046dc       0x84 _build/nrf52840_xxaa/app_usbd.c.o
                0x000046dc                app_usbd_all_iface_deselect
 .text.cdc_acm_feed_descriptors
                0x00004760      0xd54 _build/nrf52840_xxaa/app_usbd_cdc_acm.c.o
 .text.cdc_acm_consumer
                0x000054b4       0x38 _build/nrf52840_xxaa/app_usbd_cdc_acm.c.o
 .text.cdc_acm_req_out_data_cb
                0x000054ec       0x28 _build/nrf52840_xxaa/app_usbd_cdc_acm.c.o
 .text.cdc_acm_event_handler
                0x00005514      0x344 _build/nrf52840_xxaa/app_usbd_cdc_acm.c.o
 .text.app_usbd_cdc_acm_write
                0x00005858       0x48 _build/nrf52840_xxaa/app_usbd_cdc_acm.c.o
                0x00005858                app_usbd_cdc_acm_write
 .text.app_usbd_cdc_acm_rx_size
                0x000058a0        0x8 _build/nrf52840_xxaa/app_usbd_cdc_acm.c.o
                0x000058a0                app_usbd_cdc_acm_rx_size
 .text.app_usbd_cdc_acm_bytes_stored
                0x000058a8        0x8 _build/nrf52840_xxaa/app_usbd_cdc_acm.c.o
                0x000058a8                app_usbd_cdc_acm_bytes_stored
 .text.app_usbd_cdc_acm_read
                0x000058b0       0xb4 _build/nrf52840_xxaa/app_usbd_cdc_acm.c.o
                0x000058b0                app_usbd_cdc_acm_read
 .text.app_usbd_cdc_acm_serial_state_notify
                0x00005964       0xc4 _build/nrf52840_xxaa/app_usbd_cdc_acm.c.o
                0x00005964                app_usbd_cdc_acm_serial_state_notify
 .text.setup_data_handler_empty
                0x00005a28        0x4 _build/nrf52840_xxaa/app_usbd_core.c.o
 .text.usbd_descriptor_conf_feeder
                0x00005a2c      0x134 _build/nrf52840_xxaa/app_usbd_core.c.o
 .text.app_usbd_core_ep0_enable
                0x00005b60       0x14 _build/nrf52840_xxaa/app_usbd_core.c.o
                0x00005b60                app_usbd_core_ep0_enable
 .text.app_usbd_core_ep0_disable
                0x00005b74       0x14 _build/nrf52840_xxaa/app_usbd_core.c.o
                0x00005b74                app_usbd_core_ep0_disable
 .text.app_usbd_core_setup_rsp
                0x00005b88       0x88 _build/nrf52840_xxaa/app_usbd_core.c.o
                0x00005b88                app_usbd_core_setup_rsp
 .text.app_usbd_core_event_handler
                0x00005c10      0x594 _build/nrf52840_xxaa/app_usbd_core.c.o
 .text.app_usbd_core_setup_data_handler_set
                0x000061a4       0x28 _build/nrf52840_xxaa/app_usbd_core.c.o
                0x000061a4                app_usbd_core_setup_data_handler_set
 .text.app_usbd_core_setup_transfer_buff_get
                0x000061cc       0x10 _build/nrf52840_xxaa/app_usbd_core.c.o
                0x000061cc                app_usbd_core_setup_transfer_buff_get
 .text.app_usbd_serial_num_generate
                0x000061dc       0x50 _build/nrf52840_xxaa/app_usbd_serial_num.c.o
                0x000061dc                app_usbd_serial_num_generate
 .text.app_usbd_string_desc_get
                0x0000622c       0x68 _build/nrf52840_xxaa/app_usbd_string_desc.c.o
                0x0000622c                app_usbd_string_desc_get
 .text.app_util_critical_region_enter
                0x00006294       0x10 _build/nrf52840_xxaa/app_util_platform.c.o
                0x00006294                app_util_critical_region_enter
 .text.app_util_critical_region_exit
                0x000062a4       0x14 _build/nrf52840_xxaa/app_util_platform.c.o
                0x000062a4                app_util_critical_region_exit
 .text.HardFault_Handler
                0x000062b8       0x34 _build/nrf52840_xxaa/hardfault_handler_gcc.c.o
                0x000062b8                HardFault_Handler
 .text.HardFault_process
                0x000062ec       0x24 _build/nrf52840_xxaa/hardfault_implementation.c.o
                0x000062ec                HardFault_process
 .text.HardFault_c_handler
                0x00006310      0x15c _build/nrf52840_xxaa/hardfault_implementation.c.o
                0x00006310                HardFault_c_handler
 .text.nrf_atfifo_init
                0x0000646c       0x30 _build/nrf52840_xxaa/nrf_atfifo.c.o
                0x0000646c                nrf_atfifo_init
 .text.nrf_atfifo_item_alloc
                0x0000649c       0x58 _build/nrf52840_xxaa/nrf_atfifo.c.o
                0x0000649c                nrf_atfifo_item_alloc
 .text.nrf_atfifo_item_put
                0x000064f4       0x20 _build/nrf52840_xxaa/nrf_atfifo.c.o
                0x000064f4                nrf_atfifo_item_put
 .text.nrf_atfifo_item_get
                0x00006514       0x5c _build/nrf52840_xxaa/nrf_atfifo.c.o
                0x00006514                nrf_atfifo_item_get
 .text.nrf_atfifo_item_free
                0x00006570       0x20 _build/nrf52840_xxaa/nrf_atfifo.c.o
                0x00006570                nrf_atfifo_item_free
 .text.nrf_atomic_u32_fetch_store
                0x00006590       0x14 _build/nrf52840_xxaa/nrf_atomic.c.o
                0x00006590                nrf_atomic_u32_fetch_store
 .text.nrf_atomic_u32_or
                0x000065a4       0x18 _build/nrf52840_xxaa/nrf_atomic.c.o
                0x000065a4                nrf_atomic_u32_or
 .text.nrf_atomic_u32_and
                0x000065bc       0x18 _build/nrf52840_xxaa/nrf_atomic.c.o
                0x000065bc                nrf_atomic_u32_and
 .text.nrf_atomic_u32_add
                0x000065d4       0x18 _build/nrf52840_xxaa/nrf_atomic.c.o
                0x000065d4                nrf_atomic_u32_add
 .text.nrf_atomic_u32_sub
                0x000065ec       0x18 _build/nrf52840_xxaa/nrf_atomic.c.o
                0x000065ec                nrf_atomic_u32_sub
 .text.nrf_atomic_u32_sub_hs
                0x00006604       0x1c _build/nrf52840_xxaa/nrf_atomic.c.o
                0x00006604                nrf_atomic_u32_sub_hs
 .text.nrf_atomic_flag_set_fetch
                0x00006620       0x18 _build/nrf52840_xxaa/nrf_atomic.c.o
                0x00006620                nrf_atomic_flag_set_fetch
 .text.nrf_atomic_flag_set
                0x00006638       0x18 _build/nrf52840_xxaa/nrf_atomic.c.o
                0x00006638                nrf_atomic_flag_set
 .text.nrf_atomic_flag_clear_fetch
                0x00006650       0x18 _build/nrf52840_xxaa/nrf_atomic.c.o
                0x00006650                nrf_atomic_flag_clear_fetch
 .text.nrf_atomic_flag_clear
                0x00006668       0x18 _build/nrf52840_xxaa/nrf_atomic.c.o
                0x00006668                nrf_atomic_flag_clear
 .text.nrf_balloc_status
                0x00006680       0xc8 _build/nrf52840_xxaa/nrf_balloc.c.o
 .text.nrf_balloc_init
                0x00006748       0x38 _build/nrf52840_xxaa/nrf_balloc.c.o
                0x00006748                nrf_balloc_init
 .text.nrf_balloc_alloc
                0x00006780       0x44 _build/nrf52840_xxaa/nrf_balloc.c.o
                0x00006780                nrf_balloc_alloc
 .text.nrf_balloc_free
                0x000067c4       0x2c _build/nrf52840_xxaa/nrf_balloc.c.o
                0x000067c4                nrf_balloc_free
 .text.cli_transport_evt_handler
                0x000067f0       0x14 _build/nrf52840_xxaa/nrf_cli.c.o
 .text.nrf_log_backend_cli_panic_set
                0x00006804       0x20 _build/nrf52840_xxaa/nrf_cli.c.o
 .text.string_cmp
                0x00006824        0x8 _build/nrf52840_xxaa/nrf_cli.c.o
 .text.cursor_position_get
                0x0000682c      0x140 _build/nrf52840_xxaa/nrf_cli.c.o
 .text.multiline_console_data_check.isra.37
                0x0000696c       0x54 _build/nrf52840_xxaa/nrf_cli.c.o
 .text.make_argv.constprop.53
                0x000069c0      0x210 _build/nrf52840_xxaa/nrf_cli.c.o
 .text.format_offset_string_print.constprop.55
                0x00006bd0      0x1c8 _build/nrf52840_xxaa/nrf_cli.c.o
 .text.nrf_cli_fprintf.constprop.57
                0x00006d98       0xf8 _build/nrf52840_xxaa/nrf_cli.c.o
 .text.nrf_cli_help_print.constprop.54
                0x00006e90      0x188 _build/nrf52840_xxaa/nrf_cli.c.o
 .text.nrf_cli_cmd_clear
                0x00007018       0x40 _build/nrf52840_xxaa/nrf_cli.c.o
 .text.cursor_end_position_move
                0x00007058       0xc0 _build/nrf52840_xxaa/nrf_cli.c.o
 .text.cursor_home_position_move
                0x00007118       0xc0 _build/nrf52840_xxaa/nrf_cli.c.o
 .text.history_handle
                0x000071d8      0x1a4 _build/nrf52840_xxaa/nrf_cli.c.o
 .text.cursor_position_synchronize
                0x0000737c      0x124 _build/nrf52840_xxaa/nrf_cli.c.o
 .text.completion_insert
                0x000074a0       0xd4 _build/nrf52840_xxaa/nrf_cli.c.o
 .text.char_delete
                0x00007574      0x104 _build/nrf52840_xxaa/nrf_cli.c.o
 .text.char_insert
                0x00007678      0x27c _build/nrf52840_xxaa/nrf_cli.c.o
 .text.nrf_cli_init
                0x000078f4       0xe8 _build/nrf52840_xxaa/nrf_cli.c.o
                0x000078f4                nrf_cli_init
 .text.nrf_cli_print_stream
                0x000079dc       0x58 _build/nrf52840_xxaa/nrf_cli.c.o
                0x000079dc                nrf_cli_print_stream
 .text.nrf_cli_fprintf
                0x00007a34      0x118 _build/nrf52840_xxaa/nrf_cli.c.o
                0x00007a34                nrf_cli_fprintf
 .text.cli_log_entry_process
                0x00007b4c      0x1c4 _build/nrf52840_xxaa/nrf_cli.c.o
 .text.nrf_log_backend_cli_flush
                0x00007d10       0x20 _build/nrf52840_xxaa/nrf_cli.c.o
 .text.nrf_log_backend_cli_put
                0x00007d30       0x50 _build/nrf52840_xxaa/nrf_cli.c.o
 .text.nrf_cli_process
                0x00007d80     0x1038 _build/nrf52840_xxaa/nrf_cli.c.o
                0x00007d80                nrf_cli_process
 .text.nrf_cli_cmd_cli
                0x00008db8       0x24 _build/nrf52840_xxaa/nrf_cli.c.o
 .text.nrf_cli_cmd_cli_stats
                0x00008ddc       0x60 _build/nrf52840_xxaa/nrf_cli.c.o
                0x00008ddc                nrf_cli_cmd_cli_stats
 .text.nrf_cli_start
                0x00008e3c       0xb4 _build/nrf52840_xxaa/nrf_cli.c.o
                0x00008e3c                nrf_cli_start
 .text.nrf_cli_cmd_history
                0x00008ef0       0x84 _build/nrf52840_xxaa/nrf_cli.c.o
 .text.nrf_cli_cmd_cli_stats_show
                0x00008f74       0x70 _build/nrf52840_xxaa/nrf_cli.c.o
                0x00008f74                nrf_cli_cmd_cli_stats_show
 .text.nrf_cli_cmd_resize_default
                0x00008fe4       0x50 _build/nrf52840_xxaa/nrf_cli.c.o
 .text.nrf_cli_cmd_cli_stats_reset
                0x00009034       0x38 _build/nrf52840_xxaa/nrf_cli.c.o
                0x00009034                nrf_cli_cmd_cli_stats_reset
 .text.nrf_cli_cmd_colors_off
                0x0000906c       0x34 _build/nrf52840_xxaa/nrf_cli.c.o
 .text.nrf_cli_cmd_colors_on
                0x000090a0       0x30 _build/nrf52840_xxaa/nrf_cli.c.o
 .text.nrf_cli_cmd_echo_off
                0x000090d0       0x34 _build/nrf52840_xxaa/nrf_cli.c.o
 .text.nrf_cli_cmd_echo_on
                0x00009104       0x30 _build/nrf52840_xxaa/nrf_cli.c.o
 .text.nrf_cli_cmd_echo
                0x00009134       0x7c _build/nrf52840_xxaa/nrf_cli.c.o
 .text.nrf_cli_cmd_colors
                0x000091b0       0x58 _build/nrf52840_xxaa/nrf_cli.c.o
 .text.nrf_cli_cmd_resize
                0x00009208       0xe4 _build/nrf52840_xxaa/nrf_cli.c.o
 .text.nrf_cli_help_print
                0x000092ec      0x320 _build/nrf52840_xxaa/nrf_cli.c.o
                0x000092ec                nrf_cli_help_print
 .text.cli_uart_read
                0x0000960c        0xc _build/nrf52840_xxaa/nrf_cli_uart.c.o
 .text.timer_handler
                0x00009618       0x1c _build/nrf52840_xxaa/nrf_cli_uart.c.o
 .text.cli_uart_init
                0x00009634       0x4c _build/nrf52840_xxaa/nrf_cli_uart.c.o
 .text.cli_uart_uninit
                0x00009680       0x38 _build/nrf52840_xxaa/nrf_cli_uart.c.o
 .text.cli_uart_write
                0x000096b8       0x88 _build/nrf52840_xxaa/nrf_cli_uart.c.o
 .text.cli_uart_enable
                0x00009740       0xd0 _build/nrf52840_xxaa/nrf_cli_uart.c.o
 .text.uart_event_handler
                0x00009810       0xf0 _build/nrf52840_xxaa/nrf_cli_uart.c.o
 .text.nrf_fprintf_buffer_flush
                0x00009900       0x18 _build/nrf52840_xxaa/nrf_fprintf.c.o
                0x00009900                nrf_fprintf_buffer_flush
 .text.nrf_fprintf
                0x00009918       0x20 _build/nrf52840_xxaa/nrf_fprintf.c.o
                0x00009918                nrf_fprintf
 .text.unsigned_print
                0x00009938      0x10c _build/nrf52840_xxaa/nrf_fprintf_format.c.o
 .text.nrf_fprintf_fmt
                0x00009a44      0x5c4 _build/nrf52840_xxaa/nrf_fprintf_format.c.o
                0x00009a44                nrf_fprintf_fmt
 .text.nrf_memobj_pool_init
                0x0000a008        0x4 _build/nrf52840_xxaa/nrf_memobj.c.o
                0x0000a008                nrf_memobj_pool_init
 .text.nrf_memobj_alloc
                0x0000a00c       0x84 _build/nrf52840_xxaa/nrf_memobj.c.o
                0x0000a00c                nrf_memobj_alloc
 .text.nrf_memobj_free
                0x0000a090       0x34 _build/nrf52840_xxaa/nrf_memobj.c.o
                0x0000a090                nrf_memobj_free
 .text.nrf_memobj_get
                0x0000a0c4        0x8 _build/nrf52840_xxaa/nrf_memobj.c.o
                0x0000a0c4                nrf_memobj_get
 .text.nrf_memobj_put
                0x0000a0cc       0x44 _build/nrf52840_xxaa/nrf_memobj.c.o
                0x0000a0cc                nrf_memobj_put
 .text.nrf_memobj_write
                0x0000a110       0x68 _build/nrf52840_xxaa/nrf_memobj.c.o
                0x0000a110                nrf_memobj_write
 .text.nrf_memobj_read
                0x0000a178       0x68 _build/nrf52840_xxaa/nrf_memobj.c.o
                0x0000a178                nrf_memobj_read
 .text.nrf_pwr_mgmt_feed
                0x0000a1e0        0x4 _build/nrf52840_xxaa/nrf_pwr_mgmt.c.o
                0x0000a1e0                nrf_pwr_mgmt_feed
 .text.nrf_queue_status
                0x0000a1e4      0x110 _build/nrf52840_xxaa/nrf_queue.c.o
 .text.nrf_queue_push
                0x0000a2f4       0xdc _build/nrf52840_xxaa/nrf_queue.c.o
                0x0000a2f4                nrf_queue_push
 .text.nrf_queue_generic_pop
                0x0000a3d0       0xac _build/nrf52840_xxaa/nrf_queue.c.o
                0x0000a3d0                nrf_queue_generic_pop
 .text.nrf_queue_max_utilization_get
                0x0000a47c        0x8 _build/nrf52840_xxaa/nrf_queue.c.o
                0x0000a47c                nrf_queue_max_utilization_get
 .text.nrf_queue_max_utilization_reset
                0x0000a484        0x8 _build/nrf52840_xxaa/nrf_queue.c.o
                0x0000a484                nrf_queue_max_utilization_reset
 .text.nrf_ringbuf_init
                0x0000a48c       0x1c _build/nrf52840_xxaa/nrf_ringbuf.c.o
                0x0000a48c                nrf_ringbuf_init
 .text.nrf_ringbuf_alloc
                0x0000a4a8       0x90 _build/nrf52840_xxaa/nrf_ringbuf.c.o
                0x0000a4a8                nrf_ringbuf_alloc
 .text.nrf_ringbuf_put
                0x0000a538       0x34 _build/nrf52840_xxaa/nrf_ringbuf.c.o
                0x0000a538                nrf_ringbuf_put
 .text.nrf_ringbuf_cpy_put
                0x0000a56c       0x7c _build/nrf52840_xxaa/nrf_ringbuf.c.o
                0x0000a56c                nrf_ringbuf_cpy_put
 .text.nrf_ringbuf_get
                0x0000a5e8       0x7c _build/nrf52840_xxaa/nrf_ringbuf.c.o
                0x0000a5e8                nrf_ringbuf_get
 .text.nrf_ringbuf_cpy_get
                0x0000a664       0x7c _build/nrf52840_xxaa/nrf_ringbuf.c.o
                0x0000a664                nrf_ringbuf_cpy_get
 .text.nrf_ringbuf_free
                0x0000a6e0       0x28 _build/nrf52840_xxaa/nrf_ringbuf.c.o
                0x0000a6e0                nrf_ringbuf_free
 .text.clock_irq_handler
                0x0000a708       0x44 _build/nrf52840_xxaa/nrf_drv_clock.c.o
 .text.nrf_drv_clock_init
                0x0000a74c       0x34 _build/nrf52840_xxaa/nrf_drv_clock.c.o
                0x0000a74c                nrf_drv_clock_init
 .text.nrf_drv_clock_lfclk_request
                0x0000a780       0x5c _build/nrf52840_xxaa/nrf_drv_clock.c.o
                0x0000a780                nrf_drv_clock_lfclk_request
 .text.nrf_drv_clock_lfclk_is_running
                0x0000a7dc       0x10 _build/nrf52840_xxaa/nrf_drv_clock.c.o
                0x0000a7dc                nrf_drv_clock_lfclk_is_running
 .text.nrf_drv_clock_hfclk_request
                0x0000a7ec       0x5c _build/nrf52840_xxaa/nrf_drv_clock.c.o
                0x0000a7ec                nrf_drv_clock_hfclk_request
 .text.nrf_drv_clock_hfclk_release
                0x0000a848       0x28 _build/nrf52840_xxaa/nrf_drv_clock.c.o
                0x0000a848                nrf_drv_clock_hfclk_release
 .text.nrf_drv_power_init
                0x0000a870       0x28 _build/nrf52840_xxaa/nrf_drv_power.c.o
                0x0000a870                nrf_drv_power_init
 .text.nrf_drv_power_usbevt_init
                0x0000a898       0x1c _build/nrf52840_xxaa/nrf_drv_power.c.o
                0x0000a898                nrf_drv_power_usbevt_init
 .text.uarte_evt_handler
                0x0000a8b4       0x34 _build/nrf52840_xxaa/nrf_drv_uart.c.o
 .text.uart_evt_handler
                0x0000a8e8       0x34 _build/nrf52840_xxaa/nrf_drv_uart.c.o
 .text.nrf_drv_uart_init
                0x0000a91c       0x88 _build/nrf52840_xxaa/nrf_drv_uart.c.o
                0x0000a91c                nrf_drv_uart_init
 .text.nrf_drv_usbd_consumer
                0x0000a9a4       0x38 _build/nrf52840_xxaa/nrf_drv_usbd.c.o
                0x0000a9a4                nrf_drv_usbd_consumer
 .text.nrf_drv_usbd_feeder_ram
                0x0000a9dc       0x28 _build/nrf52840_xxaa/nrf_drv_usbd.c.o
                0x0000a9dc                nrf_drv_usbd_feeder_ram
 .text.nrf_drv_usbd_feeder_ram_zlp
                0x0000aa04       0x28 _build/nrf52840_xxaa/nrf_drv_usbd.c.o
                0x0000aa04                nrf_drv_usbd_feeder_ram_zlp
 .text.ev_usbreset_handler
                0x0000aa2c       0x30 _build/nrf52840_xxaa/nrf_drv_usbd.c.o
 .text.ev_started_handler
                0x0000aa5c        0x4 _build/nrf52840_xxaa/nrf_drv_usbd.c.o
 .text.ev_sof_handler
                0x0000aa60       0x48 _build/nrf52840_xxaa/nrf_drv_usbd.c.o
 .text.nrf_drv_usbd_feeder_flash
                0x0000aaa8       0x38 _build/nrf52840_xxaa/nrf_drv_usbd.c.o
                0x0000aaa8                nrf_drv_usbd_feeder_flash
 .text.nrf_drv_usbd_feeder_flash_zlp
                0x0000aae0       0x3c _build/nrf52840_xxaa/nrf_drv_usbd.c.o
                0x0000aae0                nrf_drv_usbd_feeder_flash_zlp
 .text.ev_dma_epin0_handler
                0x0000ab1c       0x40 _build/nrf52840_xxaa/nrf_drv_usbd.c.o
 .text.ev_setup_data_handler
                0x0000ab5c       0x7c _build/nrf52840_xxaa/nrf_drv_usbd.c.o
 .text.ev_usbevent_handler
                0x0000abd8       0x9c _build/nrf52840_xxaa/nrf_drv_usbd.c.o
 .text.usbd_dmareq_process.part.4
                0x0000ac74      0x2c0 _build/nrf52840_xxaa/nrf_drv_usbd.c.o
 .text.ev_dma_epout6_handler
                0x0000af34       0x70 _build/nrf52840_xxaa/nrf_drv_usbd.c.o
 .text.ev_dma_epout8_handler
                0x0000afa4       0x5c _build/nrf52840_xxaa/nrf_drv_usbd.c.o
 .text.ev_dma_epin8_handler
                0x0000b000       0x6c _build/nrf52840_xxaa/nrf_drv_usbd.c.o
 .text.ev_dma_epin1_handler
                0x0000b06c       0x40 _build/nrf52840_xxaa/nrf_drv_usbd.c.o
 .text.ev_dma_epin2_handler
                0x0000b0ac       0x40 _build/nrf52840_xxaa/nrf_drv_usbd.c.o
 .text.ev_dma_epin3_handler
                0x0000b0ec       0x40 _build/nrf52840_xxaa/nrf_drv_usbd.c.o
 .text.ev_dma_epin4_handler
                0x0000b12c       0x40 _build/nrf52840_xxaa/nrf_drv_usbd.c.o
 .text.ev_dma_epin5_handler
                0x0000b16c       0x40 _build/nrf52840_xxaa/nrf_drv_usbd.c.o
 .text.ev_dma_epin6_handler
                0x0000b1ac       0x40 _build/nrf52840_xxaa/nrf_drv_usbd.c.o
 .text.ev_dma_epin7_handler
                0x0000b1ec       0x40 _build/nrf52840_xxaa/nrf_drv_usbd.c.o
 .text.ev_epdata_handler
                0x0000b22c       0xec _build/nrf52840_xxaa/nrf_drv_usbd.c.o
 .text.ev_dma_epout0_handler
                0x0000b318       0xb4 _build/nrf52840_xxaa/nrf_drv_usbd.c.o
 .text.ev_dma_epout1_handler
                0x0000b3cc       0x70 _build/nrf52840_xxaa/nrf_drv_usbd.c.o
 .text.ev_dma_epout2_handler
                0x0000b43c       0x70 _build/nrf52840_xxaa/nrf_drv_usbd.c.o
 .text.ev_dma_epout7_handler
                0x0000b4ac       0x70 _build/nrf52840_xxaa/nrf_drv_usbd.c.o
 .text.ev_dma_epout3_handler
                0x0000b51c       0x70 _build/nrf52840_xxaa/nrf_drv_usbd.c.o
 .text.ev_dma_epout4_handler
                0x0000b58c       0x74 _build/nrf52840_xxaa/nrf_drv_usbd.c.o
 .text.ev_dma_epout5_handler
                0x0000b600       0x70 _build/nrf52840_xxaa/nrf_drv_usbd.c.o
 .text.nrf_drv_usbd_init
                0x0000b670      0x134 _build/nrf52840_xxaa/nrf_drv_usbd.c.o
                0x0000b670                nrf_drv_usbd_init
 .text.nrf_drv_usbd_uninit
                0x0000b7a4       0x20 _build/nrf52840_xxaa/nrf_drv_usbd.c.o
                0x0000b7a4                nrf_drv_usbd_uninit
 .text.nrf_drv_usbd_enable
                0x0000b7c4      0x144 _build/nrf52840_xxaa/nrf_drv_usbd.c.o
                0x0000b7c4                nrf_drv_usbd_enable
 .text.nrf_drv_usbd_start
                0x0000b908       0x70 _build/nrf52840_xxaa/nrf_drv_usbd.c.o
                0x0000b908                nrf_drv_usbd_start
 .text.nrf_drv_usbd_is_initialized
                0x0000b978       0x10 _build/nrf52840_xxaa/nrf_drv_usbd.c.o
                0x0000b978                nrf_drv_usbd_is_initialized
 .text.nrf_drv_usbd_is_enabled
                0x0000b988       0x14 _build/nrf52840_xxaa/nrf_drv_usbd.c.o
                0x0000b988                nrf_drv_usbd_is_enabled
 .text.nrf_drv_usbd_wakeup_req
                0x0000b99c       0x6c _build/nrf52840_xxaa/nrf_drv_usbd.c.o
                0x0000b99c                nrf_drv_usbd_wakeup_req
 .text.nrf_drv_usbd_suspend_irq_config
                0x0000ba08       0x14 _build/nrf52840_xxaa/nrf_drv_usbd.c.o
                0x0000ba08                nrf_drv_usbd_suspend_irq_config
 .text.nrf_drv_usbd_active_irq_config
                0x0000ba1c       0x14 _build/nrf52840_xxaa/nrf_drv_usbd.c.o
                0x0000ba1c                nrf_drv_usbd_active_irq_config
 .text.nrf_drv_usbd_force_bus_wakeup
                0x0000ba30        0xc _build/nrf52840_xxaa/nrf_drv_usbd.c.o
                0x0000ba30                nrf_drv_usbd_force_bus_wakeup
 .text.nrf_drv_usbd_ep_max_packet_size_get
                0x0000ba3c       0x20 _build/nrf52840_xxaa/nrf_drv_usbd.c.o
                0x0000ba3c                nrf_drv_usbd_ep_max_packet_size_get
 .text.nrf_drv_usbd_ep_enable_check
                0x0000ba5c       0x20 _build/nrf52840_xxaa/nrf_drv_usbd.c.o
                0x0000ba5c                nrf_drv_usbd_ep_enable_check
 .text.nrf_drv_usbd_ep_transfer
                0x0000ba7c      0x118 _build/nrf52840_xxaa/nrf_drv_usbd.c.o
                0x0000ba7c                nrf_drv_usbd_ep_transfer
 .text.nrf_drv_usbd_ep_handled_transfer
                0x0000bb94       0xa8 _build/nrf52840_xxaa/nrf_drv_usbd.c.o
                0x0000bb94                nrf_drv_usbd_ep_handled_transfer
 .text.nrf_drv_usbd_feeder_buffer_get
                0x0000bc3c        0x8 _build/nrf52840_xxaa/nrf_drv_usbd.c.o
                0x0000bc3c                nrf_drv_usbd_feeder_buffer_get
 .text.nrf_drv_usbd_ep_stall
                0x0000bc44       0x18 _build/nrf52840_xxaa/nrf_drv_usbd.c.o
                0x0000bc44                nrf_drv_usbd_ep_stall
 .text.nrf_drv_usbd_ep_stall_clear
                0x0000bc5c       0xb8 _build/nrf52840_xxaa/nrf_drv_usbd.c.o
                0x0000bc5c                nrf_drv_usbd_ep_stall_clear
 .text.nrf_drv_usbd_ep_stall_check
                0x0000bd14       0x44 _build/nrf52840_xxaa/nrf_drv_usbd.c.o
                0x0000bd14                nrf_drv_usbd_ep_stall_check
 .text.nrf_drv_usbd_ep_dtoggle_clear
                0x0000bd58       0x20 _build/nrf52840_xxaa/nrf_drv_usbd.c.o
                0x0000bd58                nrf_drv_usbd_ep_dtoggle_clear
 .text.nrf_drv_usbd_setup_get
                0x0000bd78       0x4c _build/nrf52840_xxaa/nrf_drv_usbd.c.o
                0x0000bd78                nrf_drv_usbd_setup_get
 .text.nrf_drv_usbd_setup_data_clear
                0x0000bdc4       0x50 _build/nrf52840_xxaa/nrf_drv_usbd.c.o
                0x0000bdc4                nrf_drv_usbd_setup_data_clear
 .text.nrf_drv_usbd_setup_clear
                0x0000be14       0x14 _build/nrf52840_xxaa/nrf_drv_usbd.c.o
                0x0000be14                nrf_drv_usbd_setup_clear
 .text.nrf_drv_usbd_setup_stall
                0x0000be28       0x14 _build/nrf52840_xxaa/nrf_drv_usbd.c.o
                0x0000be28                nrf_drv_usbd_setup_stall
 .text.nrf_drv_usbd_last_setup_dir_get
                0x0000be3c        0xc _build/nrf52840_xxaa/nrf_drv_usbd.c.o
                0x0000be3c                nrf_drv_usbd_last_setup_dir_get
 .text.nrf_drv_usbd_transfer_out_drop
                0x0000be48       0xb4 _build/nrf52840_xxaa/nrf_drv_usbd.c.o
                0x0000be48                nrf_drv_usbd_transfer_out_drop
 .text.USBD_IRQHandler
                0x0000befc      0x3ac _build/nrf52840_xxaa/nrf_drv_usbd.c.o
                0x0000befc                USBD_IRQHandler
 .text.nrf_drv_usbd_ep_enable
                0x0000c2a8       0xa8 _build/nrf52840_xxaa/nrf_drv_usbd.c.o
                0x0000c2a8                nrf_drv_usbd_ep_enable
 .text.nrf_drv_usbd_ep_abort
                0x0000c350      0x114 _build/nrf52840_xxaa/nrf_drv_usbd.c.o
                0x0000c350                nrf_drv_usbd_ep_abort
 .text.nrf_drv_usbd_ep_disable
                0x0000c464      0x174 _build/nrf52840_xxaa/nrf_drv_usbd.c.o
                0x0000c464                nrf_drv_usbd_ep_disable
 .text.nrf_drv_usbd_stop
                0x0000c5d8      0x198 _build/nrf52840_xxaa/nrf_drv_usbd.c.o
                0x0000c5d8                nrf_drv_usbd_stop
 .text.nrf_drv_usbd_suspend
                0x0000c770      0x1e0 _build/nrf52840_xxaa/nrf_drv_usbd.c.o
                0x0000c770                nrf_drv_usbd_suspend
 .text.nrf_drv_usbd_disable
                0x0000c950      0x21c _build/nrf52840_xxaa/nrf_drv_usbd.c.o
                0x0000c950                nrf_drv_usbd_disable
 .text.ev_setup_handler
                0x0000cb6c      0x198 _build/nrf52840_xxaa/nrf_drv_usbd.c.o
 .text.nrfx_clock_init
                0x0000cd04       0x1c _build/nrf52840_xxaa/nrfx_clock.c.o
                0x0000cd04                nrfx_clock_init
 .text.nrfx_clock_enable
                0x0000cd20       0x30 _build/nrf52840_xxaa/nrfx_clock.c.o
                0x0000cd20                nrfx_clock_enable
 .text.nrfx_clock_lfclk_start
                0x0000cd50       0x30 _build/nrf52840_xxaa/nrfx_clock.c.o
                0x0000cd50                nrfx_clock_lfclk_start
 .text.nrfx_clock_hfclk_start
                0x0000cd80       0x24 _build/nrf52840_xxaa/nrfx_clock.c.o
                0x0000cd80                nrfx_clock_hfclk_start
 .text.nrfx_clock_hfclk_stop
                0x0000cda4       0x28 _build/nrf52840_xxaa/nrfx_clock.c.o
                0x0000cda4                nrfx_clock_hfclk_stop
 .text.nrfx_clock_irq_handler
                0x0000cdcc       0x64 _build/nrf52840_xxaa/nrfx_clock.c.o
                0x0000cdcc                nrfx_clock_irq_handler
 .text.nrfx_gpiote_init
                0x0000ce30       0x98 _build/nrf52840_xxaa/nrfx_gpiote.c.o
                0x0000ce30                nrfx_gpiote_init
 .text.nrfx_gpiote_is_init
                0x0000cec8       0x14 _build/nrf52840_xxaa/nrfx_gpiote.c.o
                0x0000cec8                nrfx_gpiote_is_init
 .text.nrfx_gpiote_in_init
                0x0000cedc      0x1e0 _build/nrf52840_xxaa/nrfx_gpiote.c.o
                0x0000cedc                nrfx_gpiote_in_init
 .text.nrfx_gpiote_in_event_enable
                0x0000d0bc       0xf8 _build/nrf52840_xxaa/nrfx_gpiote.c.o
                0x0000d0bc                nrfx_gpiote_in_event_enable
 .text.nrfx_gpiote_in_is_set
                0x0000d1b4       0x20 _build/nrf52840_xxaa/nrfx_gpiote.c.o
                0x0000d1b4                nrfx_gpiote_in_is_set
 .text.GPIOTE_IRQHandler
                0x0000d1d4      0x568 _build/nrf52840_xxaa/nrfx_gpiote.c.o
                0x0000d1d4                GPIOTE_IRQHandler
 .text.nrfx_power_init
                0x0000d73c       0x50 _build/nrf52840_xxaa/nrfx_power.c.o
                0x0000d73c                nrfx_power_init
 .text.nrfx_power_usbevt_init
                0x0000d78c       0x14 _build/nrf52840_xxaa/nrfx_power.c.o
                0x0000d78c                nrfx_power_usbevt_init
 .text.nrfx_power_usbevt_enable
                0x0000d7a0       0x10 _build/nrf52840_xxaa/nrfx_power.c.o
                0x0000d7a0                nrfx_power_usbevt_enable
 .text.nrfx_power_usbevt_disable
                0x0000d7b0       0x10 _build/nrf52840_xxaa/nrfx_power.c.o
                0x0000d7b0                nrfx_power_usbevt_disable
 .text.nrfx_power_usbevt_uninit
                0x0000d7c0        0xc _build/nrf52840_xxaa/nrfx_power.c.o
                0x0000d7c0                nrfx_power_usbevt_uninit
 .text.nrfx_power_irq_handler
                0x0000d7cc       0xc0 _build/nrf52840_xxaa/nrfx_power.c.o
                0x0000d7cc                nrfx_power_irq_handler
 .text.POWER_CLOCK_IRQHandler
                0x0000d88c       0x10 _build/nrf52840_xxaa/nrfx_power_clock.c.o
                0x0000d88c                POWER_CLOCK_IRQHandler
 .text.UARTE0_UART0_IRQHandler
                0x0000d89c        0xc _build/nrf52840_xxaa/nrfx_prs.c.o
                0x0000d89c                UARTE0_UART0_IRQHandler
 .text.nrfx_prs_acquire
                0x0000d8a8       0x3c _build/nrf52840_xxaa/nrfx_prs.c.o
                0x0000d8a8                nrfx_prs_acquire
 .text.nrfx_prs_release
                0x0000d8e4       0x18 _build/nrf52840_xxaa/nrfx_prs.c.o
                0x0000d8e4                nrfx_prs_release
 .text.nrfx_uart_0_irq_handler
                0x0000d8fc      0x1bc _build/nrf52840_xxaa/nrfx_uart.c.o
                0x0000d8fc                nrfx_uart_0_irq_handler
 .text.nrfx_uart_init
                0x0000dab8      0x1f0 _build/nrf52840_xxaa/nrfx_uart.c.o
                0x0000dab8                nrfx_uart_init
 .text.nrfx_uart_uninit
                0x0000dca8       0xfc _build/nrf52840_xxaa/nrfx_uart.c.o
                0x0000dca8                nrfx_uart_uninit
 .text.nrfx_uart_tx
                0x0000dda4       0xcc _build/nrf52840_xxaa/nrfx_uart.c.o
                0x0000dda4                nrfx_uart_tx
 .text.nrfx_uart_tx_in_progress
                0x0000de70       0x18 _build/nrf52840_xxaa/nrfx_uart.c.o
                0x0000de70                nrfx_uart_tx_in_progress
 .text.nrfx_uart_rx
                0x0000de88      0x14c _build/nrf52840_xxaa/nrfx_uart.c.o
                0x0000de88                nrfx_uart_rx
 .text.nrfx_uart_rx_abort
                0x0000dfd4       0x14 _build/nrf52840_xxaa/nrfx_uart.c.o
                0x0000dfd4                nrfx_uart_rx_abort
 .text.nrfx_uarte_0_irq_handler
                0x0000dfe8      0x128 _build/nrf52840_xxaa/nrfx_uarte.c.o
                0x0000dfe8                nrfx_uarte_0_irq_handler
 .text.nrfx_uarte_init
                0x0000e110      0x214 _build/nrf52840_xxaa/nrfx_uarte.c.o
                0x0000e110                nrfx_uarte_init
 .text.nrfx_uarte_uninit
                0x0000e324      0x100 _build/nrf52840_xxaa/nrfx_uarte.c.o
                0x0000e324                nrfx_uarte_uninit
 .text.nrfx_uarte_tx
                0x0000e424       0xa0 _build/nrf52840_xxaa/nrfx_uarte.c.o
                0x0000e424                nrfx_uarte_tx
 .text.nrfx_uarte_tx_in_progress
                0x0000e4c4       0x1c _build/nrf52840_xxaa/nrfx_uarte.c.o
                0x0000e4c4                nrfx_uarte_tx_in_progress
 .text.nrfx_uarte_rx
                0x0000e4e0      0x12c _build/nrf52840_xxaa/nrfx_uarte.c.o
                0x0000e4e0                nrfx_uarte_rx
 .text.nrfx_uarte_rx_abort
                0x0000e60c        0x8 _build/nrf52840_xxaa/nrfx_uarte.c.o
                0x0000e60c                nrfx_uarte_rx_abort
 .text.alert_timer_handler
                0x0000e614        0x8 _build/nrf52840_xxaa/bsp.c.o
 .text.bsp_button_event_handler
                0x0000e61c       0x7c _build/nrf52840_xxaa/bsp.c.o
 .text.button_timer_handler
                0x0000e698       0x28 _build/nrf52840_xxaa/bsp.c.o
 .text.leds_timer_handler
                0x0000e6c0      0x2ec _build/nrf52840_xxaa/bsp.c.o
 .text.bsp_init
                0x0000e9ac       0xb0 _build/nrf52840_xxaa/bsp.c.o
                0x0000e9ac                bsp_init
 .text.bsp_event_to_button_action_assign
                0x0000ea5c       0x3c _build/nrf52840_xxaa/bsp.c.o
                0x0000ea5c                bsp_event_to_button_action_assign
 .text.cmd_evt  0x0000ea98       0x28 _build/nrf52840_xxaa/bsp_cli.c.o
 .text.cmd_btn  0x0000eac0       0x28 _build/nrf52840_xxaa/bsp_cli.c.o
 .text.bsp_cli_init
                0x0000eae8        0xc _build/nrf52840_xxaa/bsp_cli.c.o
                0x0000eae8                bsp_cli_init
 .text.usbd_user_ev_handler
                0x0000eaf4       0xcc _build/nrf52840_xxaa/main.c.o
 .text.cdc_acm_user_ev_handler
                0x0000ebc0       0xd4 _build/nrf52840_xxaa/main.c.o
 .text.bsp_event_callback
                0x0000ec94       0x30 _build/nrf52840_xxaa/main.c.o
 .text.startup.main
                0x0000ecc4      0x15c _build/nrf52840_xxaa/main.c.o
                0x0000ecc4                main
 .text.SystemInit
                0x0000ee20      0x1c4 _build/nrf52840_xxaa/system_nrf52840.c.o
                0x0000ee20                SystemInit
 .text.exit     0x0000efe4       0x28 c:/program files (x86)/gnu tools arm embedded/7 2018-q2-update/bin/../lib/gcc/arm-none-eabi/7.3.1/../../../../arm-none-eabi/lib/thumb/v7e-m/fpv4-sp/hard\libc_nano.a(lib_a-exit.o)
                0x0000efe4                exit
 .text.__libc_init_array
                0x0000f00c       0x48 c:/program files (x86)/gnu tools arm embedded/7 2018-q2-update/bin/../lib/gcc/arm-none-eabi/7.3.1/../../../../arm-none-eabi/lib/thumb/v7e-m/fpv4-sp/hard\libc_nano.a(lib_a-init.o)
                0x0000f00c                __libc_init_array
 .text.__locale_ctype_ptr_l
                0x0000f054        0x6 c:/program files (x86)/gnu tools arm embedded/7 2018-q2-update/bin/../lib/gcc/arm-none-eabi/7.3.1/../../../../arm-none-eabi/lib/thumb/v7e-m/fpv4-sp/hard\libc_nano.a(lib_a-locale.o)
                0x0000f054                __locale_ctype_ptr_l
 *fill*         0x0000f05a        0x2 
 .text.__locale_ctype_ptr
                0x0000f05c       0x1c c:/program files (x86)/gnu tools arm embedded/7 2018-q2-update/bin/../lib/gcc/arm-none-eabi/7.3.1/../../../../arm-none-eabi/lib/thumb/v7e-m/fpv4-sp/hard\libc_nano.a(lib_a-locale.o)
                0x0000f05c                __locale_ctype_ptr
 .text.__ascii_mbtowc
                0x0000f078       0x24 c:/program files (x86)/gnu tools arm embedded/7 2018-q2-update/bin/../lib/gcc/arm-none-eabi/7.3.1/../../../../arm-none-eabi/lib/thumb/v7e-m/fpv4-sp/hard\libc_nano.a(lib_a-mbtowc_r.o)
                0x0000f078                __ascii_mbtowc
 .text.memcpy   0x0000f09c       0x16 c:/program files (x86)/gnu tools arm embedded/7 2018-q2-update/bin/../lib/gcc/arm-none-eabi/7.3.1/../../../../arm-none-eabi/lib/thumb/v7e-m/fpv4-sp/hard\libc_nano.a(lib_a-memcpy-stub.o)
                0x0000f09c                memcpy
 .text.memmove  0x0000f0b2       0x32 c:/program files (x86)/gnu tools arm embedded/7 2018-q2-update/bin/../lib/gcc/arm-none-eabi/7.3.1/../../../../arm-none-eabi/lib/thumb/v7e-m/fpv4-sp/hard\libc_nano.a(lib_a-memmove.o)
                0x0000f0b2                memmove
 .text.memset   0x0000f0e4       0x10 c:/program files (x86)/gnu tools arm embedded/7 2018-q2-update/bin/../lib/gcc/arm-none-eabi/7.3.1/../../../../arm-none-eabi/lib/thumb/v7e-m/fpv4-sp/hard\libc_nano.a(lib_a-memset.o)
                0x0000f0e4                memset
 .text.swapfunc
                0x0000f0f4       0x32 c:/program files (x86)/gnu tools arm embedded/7 2018-q2-update/bin/../lib/gcc/arm-none-eabi/7.3.1/../../../../arm-none-eabi/lib/thumb/v7e-m/fpv4-sp/hard\libc_nano.a(lib_a-qsort.o)
 .text.med3.isra.1
                0x0000f126       0x3e c:/program files (x86)/gnu tools arm embedded/7 2018-q2-update/bin/../lib/gcc/arm-none-eabi/7.3.1/../../../../arm-none-eabi/lib/thumb/v7e-m/fpv4-sp/hard\libc_nano.a(lib_a-qsort.o)
 .text.qsort    0x0000f164      0x24e c:/program files (x86)/gnu tools arm embedded/7 2018-q2-update/bin/../lib/gcc/arm-none-eabi/7.3.1/../../../../arm-none-eabi/lib/thumb/v7e-m/fpv4-sp/hard\libc_nano.a(lib_a-qsort.o)
                0x0000f164                qsort
 *fill*         0x0000f3b2        0x2 
 .text.snprintf
                0x0000f3b4       0x68 c:/program files (x86)/gnu tools arm embedded/7 2018-q2-update/bin/../lib/gcc/arm-none-eabi/7.3.1/../../../../arm-none-eabi/lib/thumb/v7e-m/fpv4-sp/hard\libc_nano.a(lib_a-snprintf.o)
                0x0000f3b4                sniprintf
                0x0000f3b4                snprintf
 .text.sprintf  0x0000f41c       0x40 c:/program files (x86)/gnu tools arm embedded/7 2018-q2-update/bin/../lib/gcc/arm-none-eabi/7.3.1/../../../../arm-none-eabi/lib/thumb/v7e-m/fpv4-sp/hard\libc_nano.a(lib_a-sprintf.o)
                0x0000f41c                siprintf
                0x0000f41c                sprintf
 .text.sscanf   0x0000f45c       0x54 c:/program files (x86)/gnu tools arm embedded/7 2018-q2-update/bin/../lib/gcc/arm-none-eabi/7.3.1/../../../../arm-none-eabi/lib/thumb/v7e-m/fpv4-sp/hard\libc_nano.a(lib_a-sscanf.o)
                0x0000f45c                siscanf
                0x0000f45c                sscanf
 .text.__seofread
                0x0000f4b0        0x4 c:/program files (x86)/gnu tools arm embedded/7 2018-q2-update/bin/../lib/gcc/arm-none-eabi/7.3.1/../../../../arm-none-eabi/lib/thumb/v7e-m/fpv4-sp/hard\libc_nano.a(lib_a-stdio.o)
                0x0000f4b0                __seofread
 .text          0x0000f4b4       0x14 c:/program files (x86)/gnu tools arm embedded/7 2018-q2-update/bin/../lib/gcc/arm-none-eabi/7.3.1/../../../../arm-none-eabi/lib/thumb/v7e-m/fpv4-sp/hard\libc_nano.a(lib_a-strcmp.o)
                0x0000f4b4                strcmp
 .text.strcpy   0x0000f4c8       0x10 c:/program files (x86)/gnu tools arm embedded/7 2018-q2-update/bin/../lib/gcc/arm-none-eabi/7.3.1/../../../../arm-none-eabi/lib/thumb/v7e-m/fpv4-sp/hard\libc_nano.a(lib_a-strcpy.o)
                0x0000f4c8                strcpy
 .text          0x0000f4d8       0x10 c:/program files (x86)/gnu tools arm embedded/7 2018-q2-update/bin/../lib/gcc/arm-none-eabi/7.3.1/../../../../arm-none-eabi/lib/thumb/v7e-m/fpv4-sp/hard\libc_nano.a(lib_a-strlen.o)
                0x0000f4d8                strlen
 .text.strncmp  0x0000f4e8       0x24 c:/program files (x86)/gnu tools arm embedded/7 2018-q2-update/bin/../lib/gcc/arm-none-eabi/7.3.1/../../../../arm-none-eabi/lib/thumb/v7e-m/fpv4-sp/hard\libc_nano.a(lib_a-strncmp.o)
                0x0000f4e8                strncmp
 .text.__ascii_wctomb
                0x0000f50c       0x1a c:/program files (x86)/gnu tools arm embedded/7 2018-q2-update/bin/../lib/gcc/arm-none-eabi/7.3.1/../../../../arm-none-eabi/lib/thumb/v7e-m/fpv4-sp/hard\libc_nano.a(lib_a-wctomb_r.o)
                0x0000f50c                __ascii_wctomb
 .text.__ssputs_r
                0x0000f526       0xb4 c:/program files (x86)/gnu tools arm embedded/7 2018-q2-update/bin/../lib/gcc/arm-none-eabi/7.3.1/../../../../arm-none-eabi/lib/thumb/v7e-m/fpv4-sp/hard\libc_nano.a(lib_a-nano-svfprintf.o)
                0x0000f526                __ssputs_r
 *fill*         0x0000f5da        0x2 
 .text._svfprintf_r
                0x0000f5dc      0x1f0 c:/program files (x86)/gnu tools arm embedded/7 2018-q2-update/bin/../lib/gcc/arm-none-eabi/7.3.1/../../../../arm-none-eabi/lib/thumb/v7e-m/fpv4-sp/hard\libc_nano.a(lib_a-nano-svfprintf.o)
                0x0000f5dc                _svfiprintf_r
                0x0000f5dc                _svfprintf_r
 .text._sungetc_r
                0x0000f7cc       0x7a c:/program files (x86)/gnu tools arm embedded/7 2018-q2-update/bin/../lib/gcc/arm-none-eabi/7.3.1/../../../../arm-none-eabi/lib/thumb/v7e-m/fpv4-sp/hard\libc_nano.a(lib_a-nano-svfscanf.o)
                0x0000f7cc                _sungetc_r
 .text.__ssrefill_r
                0x0000f846       0x3a c:/program files (x86)/gnu tools arm embedded/7 2018-q2-update/bin/../lib/gcc/arm-none-eabi/7.3.1/../../../../arm-none-eabi/lib/thumb/v7e-m/fpv4-sp/hard\libc_nano.a(lib_a-nano-svfscanf.o)
                0x0000f846                __ssrefill_r
 .text.__ssvfscanf_r
                0x0000f880      0x2a0 c:/program files (x86)/gnu tools arm embedded/7 2018-q2-update/bin/../lib/gcc/arm-none-eabi/7.3.1/../../../../arm-none-eabi/lib/thumb/v7e-m/fpv4-sp/hard\libc_nano.a(lib_a-nano-svfscanf.o)
                0x0000f880                __ssvfiscanf_r
                0x0000f880                __ssvfscanf_r
 .text._printf_common
                0x0000fb20       0xea c:/program files (x86)/gnu tools arm embedded/7 2018-q2-update/bin/../lib/gcc/arm-none-eabi/7.3.1/../../../../arm-none-eabi/lib/thumb/v7e-m/fpv4-sp/hard\libc_nano.a(lib_a-nano-vfprintf_i.o)
                0x0000fb20                _printf_common
 *fill*         0x0000fc0a        0x2 
 .text._printf_i
                0x0000fc0c      0x224 c:/program files (x86)/gnu tools arm embedded/7 2018-q2-update/bin/../lib/gcc/arm-none-eabi/7.3.1/../../../../arm-none-eabi/lib/thumb/v7e-m/fpv4-sp/hard\libc_nano.a(lib_a-nano-vfprintf_i.o)
                0x0000fc0c                _printf_i
 .text._scanf_chars
                0x0000fe30       0xc6 c:/program files (x86)/gnu tools arm embedded/7 2018-q2-update/bin/../lib/gcc/arm-none-eabi/7.3.1/../../../../arm-none-eabi/lib/thumb/v7e-m/fpv4-sp/hard\libc_nano.a(lib_a-nano-vfscanf_i.o)
                0x0000fe30                _scanf_chars
 *fill*         0x0000fef6        0x2 
 .text._scanf_i
                0x0000fef8      0x1e8 c:/program files (x86)/gnu tools arm embedded/7 2018-q2-update/bin/../lib/gcc/arm-none-eabi/7.3.1/../../../../arm-none-eabi/lib/thumb/v7e-m/fpv4-sp/hard\libc_nano.a(lib_a-nano-vfscanf_i.o)
                0x0000fef8                _scanf_i
 .text.__sccl   0x000100e0       0x64 c:/program files (x86)/gnu tools arm embedded/7 2018-q2-update/bin/../lib/gcc/arm-none-eabi/7.3.1/../../../../arm-none-eabi/lib/thumb/v7e-m/fpv4-sp/hard\libc_nano.a(lib_a-sccl.o)
                0x000100e0                __sccl
 .text._strtol_l.isra.0
                0x00010144       0xf6 c:/program files (x86)/gnu tools arm embedded/7 2018-q2-update/bin/../lib/gcc/arm-none-eabi/7.3.1/../../../../arm-none-eabi/lib/thumb/v7e-m/fpv4-sp/hard\libc_nano.a(lib_a-strtol.o)
 *fill*         0x0001023a        0x2 
 .text._strtol_r
                0x0001023c       0x24 c:/program files (x86)/gnu tools arm embedded/7 2018-q2-update/bin/../lib/gcc/arm-none-eabi/7.3.1/../../../../arm-none-eabi/lib/thumb/v7e-m/fpv4-sp/hard\libc_nano.a(lib_a-strtol.o)
                0x0001023c                _strtol_r
 .text._strtoul_l.isra.0
                0x00010260       0xf4 c:/program files (x86)/gnu tools arm embedded/7 2018-q2-update/bin/../lib/gcc/arm-none-eabi/7.3.1/../../../../arm-none-eabi/lib/thumb/v7e-m/fpv4-sp/hard\libc_nano.a(lib_a-strtoul.o)
 .text._strtoul_r
                0x00010354       0x24 c:/program files (x86)/gnu tools arm embedded/7 2018-q2-update/bin/../lib/gcc/arm-none-eabi/7.3.1/../../../../arm-none-eabi/lib/thumb/v7e-m/fpv4-sp/hard\libc_nano.a(lib_a-strtoul.o)
                0x00010354                _strtoul_r
 .text.__submore
                0x00010378       0x74 c:/program files (x86)/gnu tools arm embedded/7 2018-q2-update/bin/../lib/gcc/arm-none-eabi/7.3.1/../../../../arm-none-eabi/lib/thumb/v7e-m/fpv4-sp/hard\libc_nano.a(lib_a-ungetc.o)
                0x00010378                __submore
 *fill*         0x000103ec        0x4 
 .text          0x000103f0       0xa0 c:/program files (x86)/gnu tools arm embedded/7 2018-q2-update/bin/../lib/gcc/arm-none-eabi/7.3.1/../../../../arm-none-eabi/lib/thumb/v7e-m/fpv4-sp/hard\libc_nano.a(lib_a-memchr.o)
                0x000103f0                memchr
 .text._free_r  0x00010490       0x9c c:/program files (x86)/gnu tools arm embedded/7 2018-q2-update/bin/../lib/gcc/arm-none-eabi/7.3.1/../../../../arm-none-eabi/lib/thumb/v7e-m/fpv4-sp/hard\libc_nano.a(lib_a-nano-freer.o)
                0x00010490                _free_r
 .text._malloc_r
                0x0001052c       0xb4 c:/program files (x86)/gnu tools arm embedded/7 2018-q2-update/bin/../lib/gcc/arm-none-eabi/7.3.1/../../../../arm-none-eabi/lib/thumb/v7e-m/fpv4-sp/hard\libc_nano.a(lib_a-nano-mallocr.o)
                0x0001052c                _malloc_r
 .text._realloc_r
                0x000105e0       0x4c c:/program files (x86)/gnu tools arm embedded/7 2018-q2-update/bin/../lib/gcc/arm-none-eabi/7.3.1/../../../../arm-none-eabi/lib/thumb/v7e-m/fpv4-sp/hard\libc_nano.a(lib_a-nano-reallocr.o)
                0x000105e0                _realloc_r
 .text._sbrk_r  0x0001062c       0x20 c:/program files (x86)/gnu tools arm embedded/7 2018-q2-update/bin/../lib/gcc/arm-none-eabi/7.3.1/../../../../arm-none-eabi/lib/thumb/v7e-m/fpv4-sp/hard\libc_nano.a(lib_a-sbrkr.o)
                0x0001062c                _sbrk_r
 .text.__malloc_lock
                0x0001064c        0x2 c:/program files (x86)/gnu tools arm embedded/7 2018-q2-update/bin/../lib/gcc/arm-none-eabi/7.3.1/../../../../arm-none-eabi/lib/thumb/v7e-m/fpv4-sp/hard\libc_nano.a(lib_a-mlock.o)
                0x0001064c                __malloc_lock
 .text.__malloc_unlock
                0x0001064e        0x2 c:/program files (x86)/gnu tools arm embedded/7 2018-q2-update/bin/../lib/gcc/arm-none-eabi/7.3.1/../../../../arm-none-eabi/lib/thumb/v7e-m/fpv4-sp/hard\libc_nano.a(lib_a-mlock.o)
                0x0001064e                __malloc_unlock
 .text._malloc_usable_size_r
                0x00010650       0x10 c:/program files (x86)/gnu tools arm embedded/7 2018-q2-update/bin/../lib/gcc/arm-none-eabi/7.3.1/../../../../arm-none-eabi/lib/thumb/v7e-m/fpv4-sp/hard\libc_nano.a(lib_a-nano-msizer.o)
                0x00010650                _malloc_usable_size_r
 .text._sbrk    0x00010660       0x1c c:/program files (x86)/gnu tools arm embedded/7 2018-q2-update/bin/../lib/gcc/arm-none-eabi/7.3.1/../../../../arm-none-eabi/lib/thumb/v7e-m/fpv4-sp/hard\libnosys.a(sbrk.o)
                0x00010660                _sbrk
 .text._exit    0x0001067c        0x4 c:/program files (x86)/gnu tools arm embedded/7 2018-q2-update/bin/../lib/gcc/arm-none-eabi/7.3.1/../../../../arm-none-eabi/lib/thumb/v7e-m/fpv4-sp/hard\libnosys.a(_exit.o)
                0x0001067c                _exit
 .text          0x00010680       0x30 c:/program files (x86)/gnu tools arm embedded/7 2018-q2-update/bin/../lib/gcc/arm-none-eabi/7.3.1/thumb/v7e-m/fpv4-sp/hard\libgcc.a(_aeabi_uldivmod.o)
                0x00010680                __aeabi_uldivmod
 .text          0x000106b0      0x2cc c:/program files (x86)/gnu tools arm embedded/7 2018-q2-update/bin/../lib/gcc/arm-none-eabi/7.3.1/thumb/v7e-m/fpv4-sp/hard\libgcc.a(_udivmoddi4.o)
                0x000106b0                __udivmoddi4
 .text          0x0001097c        0x4 c:/program files (x86)/gnu tools arm embedded/7 2018-q2-update/bin/../lib/gcc/arm-none-eabi/7.3.1/thumb/v7e-m/fpv4-sp/hard\libgcc.a(_dvmd_tls.o)
                0x0001097c                __aeabi_idiv0
                0x0001097c                __aeabi_ldiv0
 *(.init)
 .init          0x00010980        0x4 c:/program files (x86)/gnu tools arm embedded/7 2018-q2-update/bin/../lib/gcc/arm-none-eabi/7.3.1/thumb/v7e-m/fpv4-sp/hard/crti.o
                0x00010980                _init
 .init          0x00010984        0x8 c:/program files (x86)/gnu tools arm embedded/7 2018-q2-update/bin/../lib/gcc/arm-none-eabi/7.3.1/thumb/v7e-m/fpv4-sp/hard/crtn.o
 *(.fini)
 .fini          0x0001098c        0x4 c:/program files (x86)/gnu tools arm embedded/7 2018-q2-update/bin/../lib/gcc/arm-none-eabi/7.3.1/thumb/v7e-m/fpv4-sp/hard/crti.o
                0x0001098c                _fini
 .fini          0x00010990        0x8 c:/program files (x86)/gnu tools arm embedded/7 2018-q2-update/bin/../lib/gcc/arm-none-eabi/7.3.1/thumb/v7e-m/fpv4-sp/hard/crtn.o
 *crtbegin.o(.ctors)
 *crtbegin?.o(.ctors)
 *(EXCLUDE_FILE(*crtend.o *crtend?.o) .ctors)
 *(SORT_BY_NAME(.ctors.*))
 *(.ctors)
 *crtbegin.o(.dtors)
 *crtbegin?.o(.dtors)
 *(EXCLUDE_FILE(*crtend.o *crtend?.o) .dtors)
 *(SORT_BY_NAME(.dtors.*))
 *(.dtors)
 *(.rodata*)
 .rodata        0x00010998       0x20 _build/nrf52840_xxaa/nrf_log_backend_uart.c.o
 .rodata.nrf_log_backend_uart_api
                0x000109b8        0xc _build/nrf52840_xxaa/nrf_log_backend_uart.c.o
                0x000109b8                nrf_log_backend_uart_api
 .rodata.str1.4
                0x000109c4       0x11 _build/nrf52840_xxaa/nrf_log_default_backends.c.o
 *fill*         0x000109d5        0x3 
 .rodata.log_backend_ctrl.str1.4
                0x000109d8       0x95 _build/nrf52840_xxaa/nrf_log_frontend.c.o
 *fill*         0x00010a6d        0x3 
 .rodata.log_backend_halt.str1.4
                0x00010a70       0x16 _build/nrf52840_xxaa/nrf_log_frontend.c.o
 *fill*         0x00010a86        0x2 
 .rodata.log_cmd.str1.4
                0x00010a88       0x21 _build/nrf52840_xxaa/nrf_log_frontend.c.o
 *fill*         0x00010aa9        0x3 
 .rodata.log_cmd_backends_list.str1.4
                0x00010aac       0x55 _build/nrf52840_xxaa/nrf_log_frontend.c.o
 *fill*         0x00010b01        0x3 
 .rodata.log_config_load_cmd.str1.4
                0x00010b04       0x11 _build/nrf52840_xxaa/nrf_log_frontend.c.o
 *fill*         0x00010b15        0x3 
 .rodata.log_status.str1.4
                0x00010b18       0xa2 _build/nrf52840_xxaa/nrf_log_frontend.c.o
                                 0xa6 (size before relaxing)
 *fill*         0x00010bba        0x2 
 .rodata.m_backend_name_dynamic
                0x00010bbc        0x8 _build/nrf52840_xxaa/nrf_log_frontend.c.o
 .rodata.m_log_push_ringbuf
                0x00010bc4        0xc _build/nrf52840_xxaa/nrf_log_frontend.c.o
 .rodata.m_module_name
                0x00010bd0        0x8 _build/nrf52840_xxaa/nrf_log_frontend.c.o
 .rodata.m_severity_lvl
                0x00010bd8        0x8 _build/nrf52840_xxaa/nrf_log_frontend.c.o
 .rodata.m_severity_lvls
                0x00010be0       0x14 _build/nrf52840_xxaa/nrf_log_frontend.c.o
 .rodata.m_severity_lvls_sorted
                0x00010bf4       0x14 _build/nrf52840_xxaa/nrf_log_frontend.c.o
 .rodata.m_sub_log_backend
                0x00010c08        0x8 _build/nrf52840_xxaa/nrf_log_frontend.c.o
 .rodata.m_sub_log_backend_raw
                0x00010c10       0x60 _build/nrf52840_xxaa/nrf_log_frontend.c.o
 .rodata.m_sub_log_config
                0x00010c70        0x8 _build/nrf52840_xxaa/nrf_log_frontend.c.o
 .rodata.m_sub_log_config_raw
                0x00010c78       0x30 _build/nrf52840_xxaa/nrf_log_frontend.c.o
 .rodata.m_sub_log_stat
                0x00010ca8        0x8 _build/nrf52840_xxaa/nrf_log_frontend.c.o
 .rodata.m_sub_log_stat_raw
                0x00010cb0       0x90 _build/nrf52840_xxaa/nrf_log_frontend.c.o
 .rodata.nrf_cli_log_raw
                0x00010d40       0x10 _build/nrf52840_xxaa/nrf_log_frontend.c.o
                0x00010d40                nrf_cli_log_raw
 .rodata.nrf_log_frontend_dequeue.part.12.str1.4
                0x00010d50       0x11 _build/nrf52840_xxaa/nrf_log_frontend.c.o
 *fill*         0x00010d61        0x3 
 .rodata.str1.4
                0x00010d64      0x27b _build/nrf52840_xxaa/nrf_log_frontend.c.o
                                0x283 (size before relaxing)
 *fill*         0x00010fdf        0x1 
 .rodata.m_colors
                0x00010fe0       0x24 _build/nrf52840_xxaa/nrf_log_str_formatter.c.o
 .rodata.nrf_log_hexdump_entry_process.str1.4
                0x00011004        0xe _build/nrf52840_xxaa/nrf_log_str_formatter.c.o
                                 0x16 (size before relaxing)
 *fill*         0x00011012        0x2 
 .rodata.nrf_log_std_entry_process.str1.4
                0x00011014       0x32 _build/nrf52840_xxaa/nrf_log_str_formatter.c.o
                                 0x3b (size before relaxing)
 *fill*         0x00011046        0x2 
 .rodata.severity_names
                0x00011048       0x14 _build/nrf52840_xxaa/nrf_log_str_formatter.c.o
 .rodata.str1.4
                0x0001105c       0x38 _build/nrf52840_xxaa/nrf_log_str_formatter.c.o
                                 0x56 (size before relaxing)
 .rodata.m_board_led_list
                0x00011094        0x4 _build/nrf52840_xxaa/boards.c.o
 .rodata.m_detection_delay_timer_id
                0x00011098        0x4 _build/nrf52840_xxaa/app_button.c.o
 .rodata.app_error_fault_handler.str1.4
                0x0001109c       0x19 _build/nrf52840_xxaa/app_error_weak.c.o
 *fill*         0x000110b5        0xb 
 .rodata.delay_bytecode.8565
                0x000110c0        0x6 _build/nrf52840_xxaa/app_timer.c.o
 *fill*         0x000110c6        0x2 
 .rodata.CSWTCH.89
                0x000110c8        0x7 _build/nrf52840_xxaa/app_usbd.c.o
 *fill*         0x000110cf        0x1 
 .rodata.config.10698
                0x000110d0        0x4 _build/nrf52840_xxaa/app_usbd.c.o
 .rodata.ev.10591
                0x000110d4        0x4 _build/nrf52840_xxaa/app_usbd.c.o
 .rodata.ev.10594
                0x000110d8        0x4 _build/nrf52840_xxaa/app_usbd.c.o
 .rodata.ev.10596
                0x000110dc        0x4 _build/nrf52840_xxaa/app_usbd.c.o
 .rodata.event_setaddress.10579
                0x000110e0        0x4 _build/nrf52840_xxaa/app_usbd.c.o
 .rodata.evt_data.10604
                0x000110e4        0x1 _build/nrf52840_xxaa/app_usbd.c.o
 *fill*         0x000110e5        0x3 
 .rodata.evt_data.10722
                0x000110e8        0x1 _build/nrf52840_xxaa/app_usbd.c.o
 *fill*         0x000110e9        0x3 
 .rodata.evt_data.10742
                0x000110ec        0x1 _build/nrf52840_xxaa/app_usbd.c.o
 *fill*         0x000110ed        0x3 
 .rodata.evt_data.10745
                0x000110f0        0x1 _build/nrf52840_xxaa/app_usbd.c.o
 *fill*         0x000110f1        0x3 
 .rodata.evt_data.10755
                0x000110f4        0x1 _build/nrf52840_xxaa/app_usbd.c.o
 *fill*         0x000110f5        0x3 
 .rodata.evt_data.10764
                0x000110f8        0x1 _build/nrf52840_xxaa/app_usbd.c.o
 *fill*         0x000110f9        0x3 
 .rodata.str1.4
                0x000110fc       0x21 _build/nrf52840_xxaa/app_usbd.c.o
 *fill*         0x0001111d        0x3 
 .rodata.app_usbd_cdc_acm_class_methods
                0x00011120       0x14 _build/nrf52840_xxaa/app_usbd_cdc_acm.c.o
                0x00011120                app_usbd_cdc_acm_class_methods
 .rodata.str1.4
                0x00011134        0x8 _build/nrf52840_xxaa/app_usbd_cdc_acm.c.o
 .rodata.app_usbd_core_inst
                0x0001113c       0x10 _build/nrf52840_xxaa/app_usbd_core.c.o
                0x0001113c                app_usbd_core_inst
 .rodata.evt_data.9773
                0x0001114c        0x1 _build/nrf52840_xxaa/app_usbd_core.c.o
 *fill*         0x0001114d        0x3 
 .rodata.m_configuration_dsc
                0x00011150        0x9 _build/nrf52840_xxaa/app_usbd_core.c.o
 *fill*         0x00011159        0x3 
 .rodata.m_core_methods
                0x0001115c       0x14 _build/nrf52840_xxaa/app_usbd_core.c.o
 .rodata.m_device_dsc
                0x00011170       0x12 _build/nrf52840_xxaa/app_usbd_core.c.o
 *fill*         0x00011182        0x2 
 .rodata.m_setup_data_handler_empty_desc
                0x00011184        0x8 _build/nrf52840_xxaa/app_usbd_core.c.o
 .rodata.str1.4
                0x0001118c        0xe _build/nrf52840_xxaa/app_usbd_core.c.o
 *fill*         0x0001119a        0x2 
 .rodata.usbd_descriptor_feeder_desc
                0x0001119c        0x8 _build/nrf52840_xxaa/app_usbd_core.c.o
 .rodata.app_usbd_serial_num_generate.str1.4
                0x000111a4        0xb _build/nrf52840_xxaa/app_usbd_serial_num.c.o
 *fill*         0x000111af        0x1 
 .rodata.__compound_literal.1
                0x000111b0        0x6 _build/nrf52840_xxaa/app_usbd_string_desc.c.o
 *fill*         0x000111b6        0x2 
 .rodata.__compound_literal.2
                0x000111b8       0x15 _build/nrf52840_xxaa/app_usbd_string_desc.c.o
 *fill*         0x000111cd        0x3 
 .rodata.__compound_literal.3
                0x000111d0       0x13 _build/nrf52840_xxaa/app_usbd_string_desc.c.o
 *fill*         0x000111e3        0x1 
 .rodata.__compound_literal.4
                0x000111e4       0x16 _build/nrf52840_xxaa/app_usbd_string_desc.c.o
 *fill*         0x000111fa        0x2 
 .rodata.__compound_literal.5
                0x000111fc        0x7 _build/nrf52840_xxaa/app_usbd_string_desc.c.o
 *fill*         0x00011203        0x1 
 .rodata.m_string_dsc
                0x00011204       0x18 _build/nrf52840_xxaa/app_usbd_string_desc.c.o
 .rodata.m_string_translation
                0x0001121c        0x6 _build/nrf52840_xxaa/app_usbd_string_desc.c.o
 *fill*         0x00011222        0x2 
 .rodata.HardFault_c_handler.str1.4
                0x00011224      0x136 _build/nrf52840_xxaa/hardfault_implementation.c.o
 *fill*         0x0001135a        0x2 
 .rodata.cfsr_msgs.8767
                0x0001135c       0x68 _build/nrf52840_xxaa/hardfault_implementation.c.o
 .rodata.str1.4
                0x000113c4      0x4de _build/nrf52840_xxaa/hardfault_implementation.c.o
 *fill*         0x000118a2        0x2 
 .rodata.nrf_balloc_commands
                0x000118a4        0x8 _build/nrf52840_xxaa/nrf_balloc.c.o
 .rodata.nrf_balloc_commands_raw
                0x000118ac       0x20 _build/nrf52840_xxaa/nrf_balloc.c.o
 .rodata.nrf_balloc_status.str1.4
                0x000118cc       0xa2 _build/nrf52840_xxaa/nrf_balloc.c.o
 *fill*         0x0001196e        0x2 
 .rodata.nrf_cli_balloc_raw
                0x00011970       0x10 _build/nrf52840_xxaa/nrf_balloc.c.o
                0x00011970                nrf_cli_balloc_raw
 .rodata.str1.4
                0x00011980       0x4a _build/nrf52840_xxaa/nrf_balloc.c.o
                                 0x52 (size before relaxing)
 .rodata.char_insert.str1.4
                0x000119ca        0x3 _build/nrf52840_xxaa/nrf_cli.c.o
 *fill*         0x000119ca        0x2 
 .rodata.cli_log_entry_process.str1.4
                0x000119cc       0x2f _build/nrf52840_xxaa/nrf_cli.c.o
 *fill*         0x000119fb        0x1 
 .rodata.cmd.9354
                0x000119fc        0x4 _build/nrf52840_xxaa/nrf_cli.c.o
 .rodata.cmd.9358
                0x00011a00        0x3 _build/nrf52840_xxaa/nrf_cli.c.o
 *fill*         0x00011a03        0x1 
 .rodata.cmd.9362
                0x00011a04        0x3 _build/nrf52840_xxaa/nrf_cli.c.o
 *fill*         0x00011a07        0x1 
 .rodata.cmd.9366
                0x00011a08        0x3 _build/nrf52840_xxaa/nrf_cli.c.o
 *fill*         0x00011a0b        0x1 
 .rodata.cmd.9435
                0x00011a0c        0x4 _build/nrf52840_xxaa/nrf_cli.c.o
 .rodata.cmd.9483
                0x00011a10        0x4 _build/nrf52840_xxaa/nrf_cli.c.o
 .rodata.cmd.9847
                0x00011a14        0x4 _build/nrf52840_xxaa/nrf_cli.c.o
 .rodata.cmd.9848
                0x00011a18        0x5 _build/nrf52840_xxaa/nrf_cli.c.o
 *fill*         0x00011a1d        0x3 
 .rodata.cmd.9917
                0x00011a20        0x6 _build/nrf52840_xxaa/nrf_cli.c.o
 *fill*         0x00011a26        0x2 
 .rodata.cmd_bspace.9476
                0x00011a28        0x4 _build/nrf52840_xxaa/nrf_cli.c.o
 .rodata.cmd_get_terminal_size.9409
                0x00011a2c        0x5 _build/nrf52840_xxaa/nrf_cli.c.o
 *fill*         0x00011a31        0x3 
 .rodata.cmd_sep.9774
                0x00011a34        0x4 _build/nrf52840_xxaa/nrf_cli.c.o
 .rodata.cursor_end_position_move.str1.4
                0x00011a38        0xe _build/nrf52840_xxaa/nrf_cli.c.o
 *fill*         0x00011a46        0x2 
 .rodata.cursor_home_position_move.str1.4
                0x00011a48        0x6 _build/nrf52840_xxaa/nrf_cli.c.o
 *fill*         0x00011a4e        0x2 
 .rodata.delay_bytecode.9046
                0x00011a50        0x6 _build/nrf52840_xxaa/nrf_cli.c.o
 *fill*         0x00011a56        0x2 
 .rodata.format_offset_string_print.constprop.55.str1.4
                0x00011a58        0x6 _build/nrf52840_xxaa/nrf_cli.c.o
                                  0xa (size before relaxing)
 *fill*         0x00011a5e        0x2 
 .rodata.help.9773
                0x00011a60        0xb _build/nrf52840_xxaa/nrf_cli.c.o
 *fill*         0x00011a6b        0x1 
 .rodata.m_sub_cli
                0x00011a6c        0x8 _build/nrf52840_xxaa/nrf_cli.c.o
 .rodata.m_sub_cli_raw
                0x00011a74       0x40 _build/nrf52840_xxaa/nrf_cli.c.o
 .rodata.m_sub_cli_stats
                0x00011ab4        0x8 _build/nrf52840_xxaa/nrf_cli.c.o
 .rodata.m_sub_cli_stats_raw
                0x00011abc       0x30 _build/nrf52840_xxaa/nrf_cli.c.o
 .rodata.m_sub_colors
                0x00011aec        0x8 _build/nrf52840_xxaa/nrf_cli.c.o
 .rodata.m_sub_colors_raw
                0x00011af4       0x30 _build/nrf52840_xxaa/nrf_cli.c.o
 .rodata.m_sub_echo
                0x00011b24        0x8 _build/nrf52840_xxaa/nrf_cli.c.o
 .rodata.m_sub_echo_raw
                0x00011b2c       0x30 _build/nrf52840_xxaa/nrf_cli.c.o
 .rodata.m_sub_resize
                0x00011b5c        0x8 _build/nrf52840_xxaa/nrf_cli.c.o
 .rodata.m_sub_resize_raw
                0x00011b64       0x20 _build/nrf52840_xxaa/nrf_cli.c.o
 .rodata.nrf_cli_clear_raw
                0x00011b84       0x10 _build/nrf52840_xxaa/nrf_cli.c.o
                0x00011b84                nrf_cli_clear_raw
 .rodata.nrf_cli_cli_raw
                0x00011b94       0x10 _build/nrf52840_xxaa/nrf_cli.c.o
                0x00011b94                nrf_cli_cli_raw
 .rodata.nrf_cli_cmd_cli_stats.str1.4
                0x00011ba4       0x1c _build/nrf52840_xxaa/nrf_cli.c.o
                                 0x40 (size before relaxing)
 .rodata.nrf_cli_cmd_cli_stats_show.str1.4
                0x00011bc0       0x39 _build/nrf52840_xxaa/nrf_cli.c.o
 *fill*         0x00011bf9        0x3 
 .rodata.nrf_cli_cmd_echo.str1.4
                0x00011bfc       0x16 _build/nrf52840_xxaa/nrf_cli.c.o
                                 0x1a (size before relaxing)
 *fill*         0x00011c12        0x2 
 .rodata.nrf_cli_cmd_history.str1.4
                0x00011c14        0xb _build/nrf52840_xxaa/nrf_cli.c.o
 *fill*         0x00011c1f        0x1 
 .rodata.nrf_cli_cmd_resize.str1.4
                0x00011c20       0x3b _build/nrf52840_xxaa/nrf_cli.c.o
 *fill*         0x00011c5b        0x1 
 .rodata.nrf_cli_help_print.constprop.54.str1.4
                0x00011c5c       0x37 _build/nrf52840_xxaa/nrf_cli.c.o
                                 0x3f (size before relaxing)
 *fill*         0x00011c93        0x1 
 .rodata.nrf_cli_help_print.str1.4
                0x00011c94        0x9 _build/nrf52840_xxaa/nrf_cli.c.o
 *fill*         0x00011c9d        0x3 
 .rodata.nrf_cli_history_raw
                0x00011ca0       0x10 _build/nrf52840_xxaa/nrf_cli.c.o
                0x00011ca0                nrf_cli_history_raw
 .rodata.nrf_cli_process.str1.4
                0x00011cb0       0xa1 _build/nrf52840_xxaa/nrf_cli.c.o
 *fill*         0x00011d51        0x3 
 .rodata.nrf_cli_resize_raw
                0x00011d54       0x10 _build/nrf52840_xxaa/nrf_cli.c.o
                0x00011d54                nrf_cli_resize_raw
 .rodata.nrf_cli_start.str1.4
                0x00011d64        0x4 _build/nrf52840_xxaa/nrf_cli.c.o
 .rodata.nrf_log_backend_cli_api
                0x00011d68        0xc _build/nrf52840_xxaa/nrf_cli.c.o
                0x00011d68                nrf_log_backend_cli_api
 .rodata.opt_sep.9772
                0x00011d74        0x3 _build/nrf52840_xxaa/nrf_cli.c.o
 *fill*         0x00011d77        0x1 
 .rodata.str1.4
                0x00011d78      0x2ab _build/nrf52840_xxaa/nrf_cli.c.o
 *fill*         0x00012023        0x1 
 .rodata.nrf_cli_uart_transport_api
                0x00012024       0x14 _build/nrf52840_xxaa/nrf_cli_uart.c.o
                0x00012024                nrf_cli_uart_transport_api
 .rodata.str1.4
                0x00012038        0x9 _build/nrf52840_xxaa/nrf_cli_uart.c.o
 *fill*         0x00012041        0x3 
 .rodata._aV2C.7655
                0x00012044       0x10 _build/nrf52840_xxaa/nrf_fprintf_format.c.o
 .rodata.str1.4
                0x00012054        0x9 _build/nrf52840_xxaa/nrf_pwr_mgmt.c.o
 *fill*         0x0001205d        0x3 
 .rodata.nrf_cli_queue_raw
                0x00012060       0x10 _build/nrf52840_xxaa/nrf_queue.c.o
                0x00012060                nrf_cli_queue_raw
 .rodata.nrf_queue_commands
                0x00012070        0x8 _build/nrf52840_xxaa/nrf_queue.c.o
 .rodata.nrf_queue_commands_raw
                0x00012078       0x20 _build/nrf52840_xxaa/nrf_queue.c.o
 .rodata.nrf_queue_status.str1.4
                0x00012098       0x94 _build/nrf52840_xxaa/nrf_queue.c.o
                                 0xa8 (size before relaxing)
 .rodata.str1.4
                0x0001212c       0x29 _build/nrf52840_xxaa/nrf_queue.c.o
                                 0x51 (size before relaxing)
 *fill*         0x00012155        0x3 
 .rodata.str1.4
                0x00012158        0x6 _build/nrf52840_xxaa/nrf_drv_clock.c.o
 *fill*         0x0001215e        0x2 
 .rodata.m_drv_power_config_default
                0x00012160        0x1 _build/nrf52840_xxaa/nrf_drv_power.c.o
 *fill*         0x00012161        0xf 
 .rodata.delay_bytecode.8250
                0x00012170        0x6 _build/nrf52840_xxaa/nrf_drv_usbd.c.o
 *fill*         0x00012176        0x2 
 .rodata.epin_bitpos.9185
                0x00012178        0x9 _build/nrf52840_xxaa/nrf_drv_usbd.c.o
 *fill*         0x00012181        0x3 
 .rodata.epin_endev.9180
                0x00012184       0x12 _build/nrf52840_xxaa/nrf_drv_usbd.c.o
 *fill*         0x00012196        0x2 
 .rodata.epout_bitpos.9186
                0x00012198        0x9 _build/nrf52840_xxaa/nrf_drv_usbd.c.o
 *fill*         0x000121a1        0x3 
 .rodata.epout_endev.9181
                0x000121a4       0x12 _build/nrf52840_xxaa/nrf_drv_usbd.c.o
 *fill*         0x000121b6        0x2 
 .rodata.m_isr  0x000121b8       0x64 _build/nrf52840_xxaa/nrf_drv_usbd.c.o
 .rodata.str1.4
                0x0001221c        0x5 _build/nrf52840_xxaa/nrf_drv_usbd.c.o
 *fill*         0x00012221        0x3 
 .rodata.str1.4
                0x00012224        0x6 _build/nrf52840_xxaa/nrfx_clock.c.o
 *fill*         0x0001222a        0x2 
 .rodata.str1.4
                0x0001222c        0x7 _build/nrf52840_xxaa/nrfx_gpiote.c.o
 *fill*         0x00012233        0x1 
 .rodata.str1.4
                0x00012234        0x4 _build/nrf52840_xxaa/nrfx_prs.c.o
 .rodata.str1.4
                0x00012238        0x5 _build/nrf52840_xxaa/nrfx_uart.c.o
 *fill*         0x0001223d        0x3 
 .rodata.str1.4
                0x00012240        0x6 _build/nrf52840_xxaa/nrfx_uarte.c.o
 *fill*         0x00012246        0x2 
 .rodata.app_buttons
                0x00012248        0x8 _build/nrf52840_xxaa/bsp.c.o
 .rodata.m_bsp_alert_tmr
                0x00012250        0x4 _build/nrf52840_xxaa/bsp.c.o
 .rodata.m_bsp_button_tmr
                0x00012254        0x4 _build/nrf52840_xxaa/bsp.c.o
 .rodata.m_bsp_leds_tmr
                0x00012258        0x4 _build/nrf52840_xxaa/bsp.c.o
 .rodata.cmd_evt.str1.4
                0x0001225c        0x4 _build/nrf52840_xxaa/bsp_cli.c.o
 .rodata.m_sub_bsp
                0x00012260        0x8 _build/nrf52840_xxaa/bsp_cli.c.o
 .rodata.m_sub_bsp_raw
                0x00012268       0x30 _build/nrf52840_xxaa/bsp_cli.c.o
 .rodata.nrf_cli_bsp_raw
                0x00012298       0x10 _build/nrf52840_xxaa/bsp_cli.c.o
                0x00012298                nrf_cli_bsp_raw
 .rodata.str1.4
                0x000122a8       0x31 _build/nrf52840_xxaa/bsp_cli.c.o
 *fill*         0x000122d9        0x3 
 .rodata        0x000122dc       0x20 _build/nrf52840_xxaa/main.c.o
 .rodata.cdc_acm_user_ev_handler.str1.4
                0x000122fc       0x2b _build/nrf52840_xxaa/main.c.o
 *fill*         0x00012327        0x1 
 .rodata.m_app_cdc_acm
                0x00012328       0x24 _build/nrf52840_xxaa/main.c.o
                0x00012328                m_app_cdc_acm
 .rodata.m_cli_uart
                0x0001234c       0x1c _build/nrf52840_xxaa/main.c.o
 .rodata.m_cli_uart_transport
                0x00012368       0x18 _build/nrf52840_xxaa/main.c.o
 .rodata.m_cli_uart_transport_rx_ringbuf
                0x00012380        0xc _build/nrf52840_xxaa/main.c.o
 .rodata.m_cli_uart_transport_timer
                0x0001238c        0x4 _build/nrf52840_xxaa/main.c.o
 .rodata.m_cli_uart_transport_tx_ringbuf
                0x00012390        0xc _build/nrf52840_xxaa/main.c.o
 .rodata.m_cli_uart_transport_uart
                0x0001239c       0x14 _build/nrf52840_xxaa/main.c.o
 .rodata.main.str1.4
                0x000123b0       0x3c _build/nrf52840_xxaa/main.c.o
 .rodata.str1.4
                0x000123ec       0xa9 _build/nrf52840_xxaa/main.c.o
 *fill*         0x00012495        0x3 
 .rodata.usbd_config.12817
                0x00012498        0xc _build/nrf52840_xxaa/main.c.o
 .rodata.usbd_user_ev_handler.str1.4
                0x000124a4       0x34 _build/nrf52840_xxaa/main.c.o
                                 0x32 (size before relaxing)
 .rodata._global_impure_ptr
                0x000124d8        0x4 c:/program files (x86)/gnu tools arm embedded/7 2018-q2-update/bin/../lib/gcc/arm-none-eabi/7.3.1/../../../../arm-none-eabi/lib/thumb/v7e-m/fpv4-sp/hard\libc_nano.a(lib_a-impure.o)
                0x000124d8                _global_impure_ptr
 .rodata._setlocale_r.str1.1
                0x000124dc        0x8 c:/program files (x86)/gnu tools arm embedded/7 2018-q2-update/bin/../lib/gcc/arm-none-eabi/7.3.1/../../../../arm-none-eabi/lib/thumb/v7e-m/fpv4-sp/hard\libc_nano.a(lib_a-locale.o)
                                  0x9 (size before relaxing)
 .rodata.str1.1
                0x000124e4        0x2 c:/program files (x86)/gnu tools arm embedded/7 2018-q2-update/bin/../lib/gcc/arm-none-eabi/7.3.1/../../../../arm-none-eabi/lib/thumb/v7e-m/fpv4-sp/hard\libc_nano.a(lib_a-locale.o)
 .rodata._ctype_
                0x000124e6      0x101 c:/program files (x86)/gnu tools arm embedded/7 2018-q2-update/bin/../lib/gcc/arm-none-eabi/7.3.1/../../../../arm-none-eabi/lib/thumb/v7e-m/fpv4-sp/hard\libc_nano.a(lib_a-ctype_.o)
                0x000124e6                _ctype_
 .rodata._svfprintf_r.str1.1
                0x000125e7       0x11 c:/program files (x86)/gnu tools arm embedded/7 2018-q2-update/bin/../lib/gcc/arm-none-eabi/7.3.1/../../../../arm-none-eabi/lib/thumb/v7e-m/fpv4-sp/hard\libc_nano.a(lib_a-nano-svfprintf.o)
 .rodata.__ssvfscanf_r.str1.1
                0x000125f8        0x4 c:/program files (x86)/gnu tools arm embedded/7 2018-q2-update/bin/../lib/gcc/arm-none-eabi/7.3.1/../../../../arm-none-eabi/lib/thumb/v7e-m/fpv4-sp/hard\libc_nano.a(lib_a-nano-svfscanf.o)
 .rodata._printf_i.str1.1
                0x000125f8       0x22 c:/program files (x86)/gnu tools arm embedded/7 2018-q2-update/bin/../lib/gcc/arm-none-eabi/7.3.1/../../../../arm-none-eabi/lib/thumb/v7e-m/fpv4-sp/hard\libc_nano.a(lib_a-nano-vfprintf_i.o)
 *fill*         0x0001261a        0x2 
 .rodata        0x0001261c        0xc c:/program files (x86)/gnu tools arm embedded/7 2018-q2-update/bin/../lib/gcc/arm-none-eabi/7.3.1/../../../../arm-none-eabi/lib/thumb/v7e-m/fpv4-sp/hard\libc_nano.a(lib_a-nano-vfscanf_i.o)
 .rodata._scanf_i.str1.1
                0x00012628       0x12 c:/program files (x86)/gnu tools arm embedded/7 2018-q2-update/bin/../lib/gcc/arm-none-eabi/7.3.1/../../../../arm-none-eabi/lib/thumb/v7e-m/fpv4-sp/hard\libc_nano.a(lib_a-nano-vfscanf_i.o)
 .rodata.str1.1
                0x0001263a        0x9 c:/program files (x86)/gnu tools arm embedded/7 2018-q2-update/bin/../lib/gcc/arm-none-eabi/7.3.1/../../../../arm-none-eabi/lib/thumb/v7e-m/fpv4-sp/hard\libc_nano.a(lib_a-nano-vfscanf_i.o)
 *fill*         0x00012643        0x1 
 .rodata.__sf_fake_stderr
                0x00012644       0x20 c:/program files (x86)/gnu tools arm embedded/7 2018-q2-update/bin/../lib/gcc/arm-none-eabi/7.3.1/../../../../arm-none-eabi/lib/thumb/v7e-m/fpv4-sp/hard\libc_nano.a(lib_a-findfp.o)
                0x00012644                __sf_fake_stderr
 .rodata.__sf_fake_stdin
                0x00012664       0x20 c:/program files (x86)/gnu tools arm embedded/7 2018-q2-update/bin/../lib/gcc/arm-none-eabi/7.3.1/../../../../arm-none-eabi/lib/thumb/v7e-m/fpv4-sp/hard\libc_nano.a(lib_a-findfp.o)
                0x00012664                __sf_fake_stdin
 .rodata.__sf_fake_stdout
                0x00012684       0x20 c:/program files (x86)/gnu tools arm embedded/7 2018-q2-update/bin/../lib/gcc/arm-none-eabi/7.3.1/../../../../arm-none-eabi/lib/thumb/v7e-m/fpv4-sp/hard\libc_nano.a(lib_a-findfp.o)
                0x00012684                __sf_fake_stdout
 *(.eh_frame*)
 .eh_frame      0x000126a4        0x0 c:/program files (x86)/gnu tools arm embedded/7 2018-q2-update/bin/../lib/gcc/arm-none-eabi/7.3.1/thumb/v7e-m/fpv4-sp/hard/crtbegin.o
 .eh_frame      0x000126a4        0x4 c:/program files (x86)/gnu tools arm embedded/7 2018-q2-update/bin/../lib/gcc/arm-none-eabi/7.3.1/thumb/v7e-m/fpv4-sp/hard/crtend.o

.glue_7         0x000126a8        0x0
 .glue_7        0x000126a8        0x0 linker stubs

.glue_7t        0x000126a8        0x0
 .glue_7t       0x000126a8        0x0 linker stubs

.vfp11_veneer   0x000126a8        0x0
 .vfp11_veneer  0x000126a8        0x0 linker stubs

.v4_bx          0x000126a8        0x0
 .v4_bx         0x000126a8        0x0 linker stubs

.iplt           0x000126a8        0x0
 .iplt          0x000126a8        0x0 c:/program files (x86)/gnu tools arm embedded/7 2018-q2-update/bin/../lib/gcc/arm-none-eabi/7.3.1/thumb/v7e-m/fpv4-sp/hard/crtbegin.o

.mem_section_dummy_rom

.log_const_data
                0x000126a8       0x90
                0x000126a8                PROVIDE (__start_log_const_data = .)
 *(SORT_BY_NAME(.log_const_data*))
 .log_const_data_CLOCK
                0x000126a8        0x8 _build/nrf52840_xxaa/nrfx_clock.c.o
                0x000126a8                m_nrf_log_CLOCK_logs_data_const
 .log_const_data_GPIOTE
                0x000126b0        0x8 _build/nrf52840_xxaa/nrfx_gpiote.c.o
                0x000126b0                m_nrf_log_GPIOTE_logs_data_const
 .log_const_data_PRS
                0x000126b8        0x8 _build/nrf52840_xxaa/nrfx_prs.c.o
                0x000126b8                m_nrf_log_PRS_logs_data_const
 .log_const_data_UART
                0x000126c0        0x8 _build/nrf52840_xxaa/nrfx_uart.c.o
                0x000126c0                m_nrf_log_UART_logs_data_const
 .log_const_data_UARTE
                0x000126c8        0x8 _build/nrf52840_xxaa/nrfx_uarte.c.o
                0x000126c8                m_nrf_log_UARTE_logs_data_const
 .log_const_data_USBD
                0x000126d0        0x8 _build/nrf52840_xxaa/nrf_drv_usbd.c.o
                0x000126d0                m_nrf_log_USBD_logs_data_const
 .log_const_data_app
                0x000126d8        0x8 _build/nrf52840_xxaa/nrf_log_frontend.c.o
                0x000126d8                m_nrf_log_app_logs_data_const
 .log_const_data_app_usbd
                0x000126e0        0x8 _build/nrf52840_xxaa/app_usbd.c.o
                0x000126e0                m_nrf_log_app_usbd_logs_data_const
 .log_const_data_app_usbd_core
                0x000126e8        0x8 _build/nrf52840_xxaa/app_usbd_core.c.o
                0x000126e8                m_nrf_log_app_usbd_core_logs_data_const
 .log_const_data_atfifo_m_event_queue
                0x000126f0        0x8 _build/nrf52840_xxaa/app_usbd.c.o
                0x000126f0                m_nrf_log_atfifo_m_event_queue_logs_data_const
 .log_const_data_balloc_log_mempool
                0x000126f8        0x8 _build/nrf52840_xxaa/nrf_log_frontend.c.o
                0x000126f8                m_nrf_log_balloc_log_mempool_logs_data_const
 .log_const_data_balloc_m_cli_uart_cmd_hist_memobj
                0x00012700        0x8 _build/nrf52840_xxaa/main.c.o
                0x00012700                m_nrf_log_balloc_m_cli_uart_cmd_hist_memobj_logs_data_const
 .log_const_data_cdc_acm
                0x00012708        0x8 _build/nrf52840_xxaa/app_usbd_cdc_acm.c.o
                0x00012708                m_nrf_log_cdc_acm_logs_data_const
 .log_const_data_cli_uart
                0x00012710        0x8 _build/nrf52840_xxaa/nrf_cli_uart.c.o
                0x00012710                m_nrf_log_cli_uart_logs_data_const
 .log_const_data_clock
                0x00012718        0x8 _build/nrf52840_xxaa/nrf_drv_clock.c.o
                0x00012718                m_nrf_log_clock_logs_data_const
 .log_const_data_hardfault
                0x00012720        0x8 _build/nrf52840_xxaa/hardfault_implementation.c.o
                0x00012720                m_nrf_log_hardfault_logs_data_const
 .log_const_data_pwr_mgmt
                0x00012728        0x8 _build/nrf52840_xxaa/nrf_pwr_mgmt.c.o
                0x00012728                m_nrf_log_pwr_mgmt_logs_data_const
 .log_const_data_queue_m_cli_uart_log_backend_queue
                0x00012730        0x8 _build/nrf52840_xxaa/main.c.o
                0x00012730                m_nrf_log_queue_m_cli_uart_log_backend_queue_logs_data_const
                0x00012738                PROVIDE (__stop_log_const_data = .)

.log_backends   0x00012738       0x20
                0x00012738                PROVIDE (__start_log_backends = .)
 *(SORT_BY_NAME(.log_backends*))
 .log_backends  0x00012738       0x10 _build/nrf52840_xxaa/nrf_log_default_backends.c.o
 .log_backends  0x00012748       0x10 _build/nrf52840_xxaa/main.c.o
                0x00012758                PROVIDE (__stop_log_backends = .)

.cli_command    0x00012758       0x40
                0x00012758                PROVIDE (__start_cli_command = .)
 *(.cli_command)
 .cli_command   0x00012758        0x8 _build/nrf52840_xxaa/nrf_log_frontend.c.o